🚀 Starting Integration Tests...

================================================================================
Testing all new routers: assets, accounting, inventory, maintenance, projects, scada
================================================================================

📦 Testing Assets Router...

❌ [assets] list (GET) - {"json":{"message":"Please login (10001)","code":-32001,"data":{"code":"UNAUTHORIZED","httpStatus":401,"stack":"TRPCError: Please login (10001)\n    at <anonymous> (/home/ubuntu/6666/server/_core/trpc.ts:17:11)\n    at callRecursive (/home/ubuntu/6666/node_modules/.pnpm/@trpc+server@11.6.0_typescript@5.9.3/node_modules/@trpc/server/src/unstable-core-do-not-import/procedureBuilder.ts:633:26)\n    at procedure (/home/ubuntu/6666/node_modules/.pnpm/@trpc+server@11.6.0_typescript@5.9.3/node_modules/@trpc/server/src/unstable-core-do-not-import/procedureBuilder.ts:673:26)\n    at <anonymous> (/home/ubuntu/6666/node_modules/.pnpm/@trpc+server@11.6.0_typescript@5.9.3/node_modules/@trpc/server/src/unstable-core-do-not-import/http/resolveResponse.ts:347:37)\n    at Array.map (<anonymous>)\n    at resolveResponse (/home/ubuntu/6666/node_modules/.pnpm/@trpc+server@11.6.0_typescript@5.9.3/node_modules/@trpc/server/src/unstable-core-do-not-import/http/resolveResponse.ts:317:33)\n    at process.processTicksAndRejections (node:internal/process/task_queues:105:5)\n    at async <anonymous> (/home/ubuntu/6666/node_modules/.pnpm/@trpc+server@11.6.0_typescript@5.9.3/node_modules/@trpc/server/src/adapters/node-http/nodeHTTPRequestHandler.ts:100:26)","path":"assets.list"}}} (49ms)
❌ [assets] categories (GET) - {"json":{"message":"No procedure found on path \"assets.categories\"","code":-32004,"data":{"code":"NOT_FOUND","httpStatus":404,"stack":"TRPCError: No procedure found on path \"assets.categories\"\n    at <anonymous> (/home/ubuntu/6666/node_modules/.pnpm/@trpc+server@11.6.0_typescript@5.9.3/node_modules/@trpc/server/src/unstable-core-do-not-import/http/resolveResponse.ts:325:17)\n    at Array.map (<anonymous>)\n    at resolveResponse (/home/ubuntu/6666/node_modules/.pnpm/@trpc+server@11.6.0_typescript@5.9.3/node_modules/@trpc/server/src/unstable-core-do-not-import/http/resolveResponse.ts:317:33)\n    at process.processTicksAndRejections (node:internal/process/task_queues:105:5)\n    at async <anonymous> (/home/ubuntu/6666/node_modules/.pnpm/@trpc+server@11.6.0_typescript@5.9.3/node_modules/@trpc/server/src/adapters/node-http/nodeHTTPRequestHandler.ts:100:26)","path":"assets.categories"}}} (5ms)
❌ [assets] stats (GET) - {"json":{"message":"No procedure found on path \"assets.stats\"","code":-32004,"data":{"code":"NOT_FOUND","httpStatus":404,"stack":"TRPCError: No procedure found on path \"assets.stats\"\n    at <anonymous> (/home/ubuntu/6666/node_modules/.pnpm/@trpc+server@11.6.0_typescript@5.9.3/node_modules/@trpc/server/src/unstable-core-do-not-import/http/resolveResponse.ts:325:17)\n    at Array.map (<anonymous>)\n    at resolveResponse (/home/ubuntu/6666/node_modules/.pnpm/@trpc+server@11.6.0_typescript@5.9.3/node_modules/@trpc/server/src/unstable-core-do-not-import/http/resolveResponse.ts:317:33)\n    at process.processTicksAndRejections (node:internal/process/task_queues:105:5)\n    at async <anonymous> (/home/ubuntu/6666/node_modules/.pnpm/@trpc+server@11.6.0_typescript@5.9.3/node_modules/@trpc/server/src/adapters/node-http/nodeHTTPRequestHandler.ts:100:26)","path":"assets.stats"}}} (3ms)
❌ [assets] create (POST) - {"json":{"message":"Please login (10001)","code":-32001,"data":{"code":"UNAUTHORIZED","httpStatus":401,"stack":"TRPCError: Please login (10001)\n    at <anonymous> (/home/ubuntu/6666/server/_core/trpc.ts:17:11)\n    at callRecursive (/home/ubuntu/6666/node_modules/.pnpm/@trpc+server@11.6.0_typescript@5.9.3/node_modules/@trpc/server/src/unstable-core-do-not-import/procedureBuilder.ts:633:26)\n    at procedure (/home/ubuntu/6666/node_modules/.pnpm/@trpc+server@11.6.0_typescript@5.9.3/node_modules/@trpc/server/src/unstable-core-do-not-import/procedureBuilder.ts:673:26)\n    at <anonymous> (/home/ubuntu/6666/node_modules/.pnpm/@trpc+server@11.6.0_typescript@5.9.3/node_modules/@trpc/server/src/unstable-core-do-not-import/http/resolveResponse.ts:347:37)\n    at Array.map (<anonymous>)\n    at resolveResponse (/home/ubuntu/6666/node_modules/.pnpm/@trpc+server@11.6.0_typescript@5.9.3/node_modules/@trpc/server/src/unstable-core-do-not-import/http/resolveResponse.ts:317:33)\n    at process.processTicksAndRejections (node:internal/process/task_queues:105:5)\n    at async <anonymous> (/home/ubuntu/6666/node_modules/.pnpm/@trpc+server@11.6.0_typescript@5.9.3/node_modules/@trpc/server/src/adapters/node-http/nodeHTTPRequestHandler.ts:100:26)","path":"assets.create"}}} (7ms)

📊 Testing Accounting Router...

❌ [accounting] accounts.list (GET) - {"json":{"message":"Please login (10001)","code":-32001,"data":{"code":"UNAUTHORIZED","httpStatus":401,"stack":"TRPCError: Please login (10001)\n    at <anonymous> (/home/ubuntu/6666/server/_core/trpc.ts:17:11)\n    at callRecursive (/home/ubuntu/6666/node_modules/.pnpm/@trpc+server@11.6.0_typescript@5.9.3/node_modules/@trpc/server/src/unstable-core-do-not-import/procedureBuilder.ts:633:26)\n    at procedure (/home/ubuntu/6666/node_modules/.pnpm/@trpc+server@11.6.0_typescript@5.9.3/node_modules/@trpc/server/src/unstable-core-do-not-import/procedureBuilder.ts:673:26)\n    at <anonymous> (/home/ubuntu/6666/node_modules/.pnpm/@trpc+server@11.6.0_typescript@5.9.3/node_modules/@trpc/server/src/unstable-core-do-not-import/http/resolveResponse.ts:347:37)\n    at Array.map (<anonymous>)\n    at resolveResponse (/home/ubuntu/6666/node_modules/.pnpm/@trpc+server@11.6.0_typescript@5.9.3/node_modules/@trpc/server/src/unstable-core-do-not-import/http/resolveResponse.ts:317:33)\n    at process.processTicksAndRejections (node:internal/process/task_queues:105:5)\n    at async <anonymous> (/home/ubuntu/6666/node_modules/.pnpm/@trpc+server@11.6.0_typescript@5.9.3/node_modules/@trpc/server/src/adapters/node-http/nodeHTTPRequestHandler.ts:100:26)","path":"accounting.accounts.list"}}} (3ms)
❌ [accounting] chartOfAccounts (GET) - {"json":{"message":"No procedure found on path \"accounting.chartOfAccounts\"","code":-32004,"data":{"code":"NOT_FOUND","httpStatus":404,"stack":"TRPCError: No procedure found on path \"accounting.chartOfAccounts\"\n    at <anonymous> (/home/ubuntu/6666/node_modules/.pnpm/@trpc+server@11.6.0_typescript@5.9.3/node_modules/@trpc/server/src/unstable-core-do-not-import/http/resolveResponse.ts:325:17)\n    at Array.map (<anonymous>)\n    at resolveResponse (/home/ubuntu/6666/node_modules/.pnpm/@trpc+server@11.6.0_typescript@5.9.3/node_modules/@trpc/server/src/unstable-core-do-not-import/http/resolveResponse.ts:317:33)\n    at process.processTicksAndRejections (node:internal/process/task_queues:105:5)\n    at async <anonymous> (/home/ubuntu/6666/node_modules/.pnpm/@trpc+server@11.6.0_typescript@5.9.3/node_modules/@trpc/server/src/adapters/node-http/nodeHTTPRequestHandler.ts:100:26)","path":"accounting.chartOfAccounts"}}} (2ms)
❌ [accounting] journalEntries.list (GET) - {"json":{"message":"Please login (10001)","code":-32001,"data":{"code":"UNAUTHORIZED","httpStatus":401,"stack":"TRPCError: Please login (10001)\n    at <anonymous> (/home/ubuntu/6666/server/_core/trpc.ts:17:11)\n    at callRecursive (/home/ubuntu/6666/node_modules/.pnpm/@trpc+server@11.6.0_typescript@5.9.3/node_modules/@trpc/server/src/unstable-core-do-not-import/procedureBuilder.ts:633:26)\n    at procedure (/home/ubuntu/6666/node_modules/.pnpm/@trpc+server@11.6.0_typescript@5.9.3/node_modules/@trpc/server/src/unstable-core-do-not-import/procedureBuilder.ts:673:26)\n    at <anonymous> (/home/ubuntu/6666/node_modules/.pnpm/@trpc+server@11.6.0_typescript@5.9.3/node_modules/@trpc/server/src/unstable-core-do-not-import/http/resolveResponse.ts:347:37)\n    at Array.map (<anonymous>)\n    at resolveResponse (/home/ubuntu/6666/node_modules/.pnpm/@trpc+server@11.6.0_typescript@5.9.3/node_modules/@trpc/server/src/unstable-core-do-not-import/http/resolveResponse.ts:317:33)\n    at process.processTicksAndRejections (node:internal/process/task_queues:105:5)\n    at async <anonymous> (/home/ubuntu/6666/node_modules/.pnpm/@trpc+server@11.6.0_typescript@5.9.3/node_modules/@trpc/server/src/adapters/node-http/nodeHTTPRequestHandler.ts:100:26)","path":"accounting.journalEntries.list"}}} (2ms)
❌ [accounting] trialBalance (GET) - {"json":{"message":"No procedure found on path \"accounting.trialBalance\"","code":-32004,"data":{"code":"NOT_FOUND","httpStatus":404,"stack":"TRPCError: No procedure found on path \"accounting.trialBalance\"\n    at <anonymous> (/home/ubuntu/6666/node_modules/.pnpm/@trpc+server@11.6.0_typescript@5.9.3/node_modules/@trpc/server/src/unstable-core-do-not-import/http/resolveResponse.ts:325:17)\n    at Array.map (<anonymous>)\n    at resolveResponse (/home/ubuntu/6666/node_modules/.pnpm/@trpc+server@11.6.0_typescript@5.9.3/node_modules/@trpc/server/src/unstable-core-do-not-import/http/resolveResponse.ts:317:33)\n    at process.processTicksAndRejections (node:internal/process/task_queues:105:5)\n    at async <anonymous> (/home/ubuntu/6666/node_modules/.pnpm/@trpc+server@11.6.0_typescript@5.9.3/node_modules/@trpc/server/src/adapters/node-http/nodeHTTPRequestHandler.ts:100:26)","path":"accounting.trialBalance"}}} (3ms)
❌ [accounting] stats (GET) - {"json":{"message":"No procedure found on path \"accounting.stats\"","code":-32004,"data":{"code":"NOT_FOUND","httpStatus":404,"stack":"TRPCError: No procedure found on path \"accounting.stats\"\n    at <anonymous> (/home/ubuntu/6666/node_modules/.pnpm/@trpc+server@11.6.0_typescript@5.9.3/node_modules/@trpc/server/src/unstable-core-do-not-import/http/resolveResponse.ts:325:17)\n    at Array.map (<anonymous>)\n    at resolveResponse (/home/ubuntu/6666/node_modules/.pnpm/@trpc+server@11.6.0_typescript@5.9.3/node_modules/@trpc/server/src/unstable-core-do-not-import/http/resolveResponse.ts:317:33)\n    at process.processTicksAndRejections (node:internal/process/task_queues:105:5)\n    at async <anonymous> (/home/ubuntu/6666/node_modules/.pnpm/@trpc+server@11.6.0_typescript@5.9.3/node_modules/@trpc/server/src/adapters/node-http/nodeHTTPRequestHandler.ts:100:26)","path":"accounting.stats"}}} (3ms)
❌ [accounting] accounts.create (POST) - {"json":{"message":"Please login (10001)","code":-32001,"data":{"code":"UNAUTHORIZED","httpStatus":401,"stack":"TRPCError: Please login (10001)\n    at <anonymous> (/home/ubuntu/6666/server/_core/trpc.ts:17:11)\n    at callRecursive (/home/ubuntu/6666/node_modules/.pnpm/@trpc+server@11.6.0_typescript@5.9.3/node_modules/@trpc/server/src/unstable-core-do-not-import/procedureBuilder.ts:633:26)\n    at procedure (/home/ubuntu/6666/node_modules/.pnpm/@trpc+server@11.6.0_typescript@5.9.3/node_modules/@trpc/server/src/unstable-core-do-not-import/procedureBuilder.ts:673:26)\n    at <anonymous> (/home/ubuntu/6666/node_modules/.pnpm/@trpc+server@11.6.0_typescript@5.9.3/node_modules/@trpc/server/src/unstable-core-do-not-import/http/resolveResponse.ts:347:37)\n    at Array.map (<anonymous>)\n    at resolveResponse (/home/ubuntu/6666/node_modules/.pnpm/@trpc+server@11.6.0_typescript@5.9.3/node_modules/@trpc/server/src/unstable-core-do-not-import/http/resolveResponse.ts:317:33)\n    at process.processTicksAndRejections (node:internal/process/task_queues:105:5)\n    at async <anonymous> (/home/ubuntu/6666/node_modules/.pnpm/@trpc+server@11.6.0_typescript@5.9.3/node_modules/@trpc/server/src/adapters/node-http/nodeHTTPRequestHandler.ts:100:26)","path":"accounting.accounts.create"}}} (3ms)

📦 Testing Inventory Router...

❌ [inventory] items.list (GET) - {"json":{"message":"Please login (10001)","code":-32001,"data":{"code":"UNAUTHORIZED","httpStatus":401,"stack":"TRPCError: Please login (10001)\n    at <anonymous> (/home/ubuntu/6666/server/_core/trpc.ts:17:11)\n    at callRecursive (/home/ubuntu/6666/node_modules/.pnpm/@trpc+server@11.6.0_typescript@5.9.3/node_modules/@trpc/server/src/unstable-core-do-not-import/procedureBuilder.ts:633:26)\n    at procedure (/home/ubuntu/6666/node_modules/.pnpm/@trpc+server@11.6.0_typescript@5.9.3/node_modules/@trpc/server/src/unstable-core-do-not-import/procedureBuilder.ts:673:26)\n    at <anonymous> (/home/ubuntu/6666/node_modules/.pnpm/@trpc+server@11.6.0_typescript@5.9.3/node_modules/@trpc/server/src/unstable-core-do-not-import/http/resolveResponse.ts:347:37)\n    at Array.map (<anonymous>)\n    at resolveResponse (/home/ubuntu/6666/node_modules/.pnpm/@trpc+server@11.6.0_typescript@5.9.3/node_modules/@trpc/server/src/unstable-core-do-not-import/http/resolveResponse.ts:317:33)\n    at process.processTicksAndRejections (node:internal/process/task_queues:105:5)\n    at async <anonymous> (/home/ubuntu/6666/node_modules/.pnpm/@trpc+server@11.6.0_typescript@5.9.3/node_modules/@trpc/server/src/adapters/node-http/nodeHTTPRequestHandler.ts:100:26)","path":"inventory.items.list"}}} (2ms)
❌ [inventory] warehouses.list (GET) - {"json":{"message":"Please login (10001)","code":-32001,"data":{"code":"UNAUTHORIZED","httpStatus":401,"stack":"TRPCError: Please login (10001)\n    at <anonymous> (/home/ubuntu/6666/server/_core/trpc.ts:17:11)\n    at callRecursive (/home/ubuntu/6666/node_modules/.pnpm/@trpc+server@11.6.0_typescript@5.9.3/node_modules/@trpc/server/src/unstable-core-do-not-import/procedureBuilder.ts:633:26)\n    at procedure (/home/ubuntu/6666/node_modules/.pnpm/@trpc+server@11.6.0_typescript@5.9.3/node_modules/@trpc/server/src/unstable-core-do-not-import/procedureBuilder.ts:673:26)\n    at <anonymous> (/home/ubuntu/6666/node_modules/.pnpm/@trpc+server@11.6.0_typescript@5.9.3/node_modules/@trpc/server/src/unstable-core-do-not-import/http/resolveResponse.ts:347:37)\n    at Array.map (<anonymous>)\n    at resolveResponse (/home/ubuntu/6666/node_modules/.pnpm/@trpc+server@11.6.0_typescript@5.9.3/node_modules/@trpc/server/src/unstable-core-do-not-import/http/resolveResponse.ts:317:33)\n    at process.processTicksAndRejections (node:internal/process/task_queues:105:5)\n    at async <anonymous> (/home/ubuntu/6666/node_modules/.pnpm/@trpc+server@11.6.0_typescript@5.9.3/node_modules/@trpc/server/src/adapters/node-http/nodeHTTPRequestHandler.ts:100:26)","path":"inventory.warehouses.list"}}} (2ms)
❌ [inventory] stats (GET) - {"json":{"message":"No procedure found on path \"inventory.stats\"","code":-32004,"data":{"code":"NOT_FOUND","httpStatus":404,"stack":"TRPCError: No procedure found on path \"inventory.stats\"\n    at <anonymous> (/home/ubuntu/6666/node_modules/.pnpm/@trpc+server@11.6.0_typescript@5.9.3/node_modules/@trpc/server/src/unstable-core-do-not-import/http/resolveResponse.ts:325:17)\n    at Array.map (<anonymous>)\n    at resolveResponse (/home/ubuntu/6666/node_modules/.pnpm/@trpc+server@11.6.0_typescript@5.9.3/node_modules/@trpc/server/src/unstable-core-do-not-import/http/resolveResponse.ts:317:33)\n    at process.processTicksAndRejections (node:internal/process/task_queues:105:5)\n    at async <anonymous> (/home/ubuntu/6666/node_modules/.pnpm/@trpc+server@11.6.0_typescript@5.9.3/node_modules/@trpc/server/src/adapters/node-http/nodeHTTPRequestHandler.ts:100:26)","path":"inventory.stats"}}} (1ms)
❌ [inventory] items.create (POST) - {"json":{"message":"Please login (10001)","code":-32001,"data":{"code":"UNAUTHORIZED","httpStatus":401,"stack":"TRPCError: Please login (10001)\n    at <anonymous> (/home/ubuntu/6666/server/_core/trpc.ts:17:11)\n    at callRecursive (/home/ubuntu/6666/node_modules/.pnpm/@trpc+server@11.6.0_typescript@5.9.3/node_modules/@trpc/server/src/unstable-core-do-not-import/procedureBuilder.ts:633:26)\n    at procedure (/home/ubuntu/6666/node_modules/.pnpm/@trpc+server@11.6.0_typescript@5.9.3/node_modules/@trpc/server/src/unstable-core-do-not-import/procedureBuilder.ts:673:26)\n    at <anonymous> (/home/ubuntu/6666/node_modules/.pnpm/@trpc+server@11.6.0_typescript@5.9.3/node_modules/@trpc/server/src/unstable-core-do-not-import/http/resolveResponse.ts:347:37)\n    at Array.map (<anonymous>)\n    at resolveResponse (/home/ubuntu/6666/node_modules/.pnpm/@trpc+server@11.6.0_typescript@5.9.3/node_modules/@trpc/server/src/unstable-core-do-not-import/http/resolveResponse.ts:317:33)\n    at process.processTicksAndRejections (node:internal/process/task_queues:105:5)\n    at async <anonymous> (/home/ubuntu/6666/node_modules/.pnpm/@trpc+server@11.6.0_typescript@5.9.3/node_modules/@trpc/server/src/adapters/node-http/nodeHTTPRequestHandler.ts:100:26)","path":"inventory.items.create"}}} (2ms)
❌ [inventory] warehouses.create (POST) - {"json":{"message":"Please login (10001)","code":-32001,"data":{"code":"UNAUTHORIZED","httpStatus":401,"stack":"TRPCError: Please login (10001)\n    at <anonymous> (/home/ubuntu/6666/server/_core/trpc.ts:17:11)\n    at callRecursive (/home/ubuntu/6666/node_modules/.pnpm/@trpc+server@11.6.0_typescript@5.9.3/node_modules/@trpc/server/src/unstable-core-do-not-import/procedureBuilder.ts:633:26)\n    at procedure (/home/ubuntu/6666/node_modules/.pnpm/@trpc+server@11.6.0_typescript@5.9.3/node_modules/@trpc/server/src/unstable-core-do-not-import/procedureBuilder.ts:673:26)\n    at <anonymous> (/home/ubuntu/6666/node_modules/.pnpm/@trpc+server@11.6.0_typescript@5.9.3/node_modules/@trpc/server/src/unstable-core-do-not-import/http/resolveResponse.ts:347:37)\n    at Array.map (<anonymous>)\n    at resolveResponse (/home/ubuntu/6666/node_modules/.pnpm/@trpc+server@11.6.0_typescript@5.9.3/node_modules/@trpc/server/src/unstable-core-do-not-import/http/resolveResponse.ts:317:33)\n    at process.processTicksAndRejections (node:internal/process/task_queues:105:5)\n    at async <anonymous> (/home/ubuntu/6666/node_modules/.pnpm/@trpc+server@11.6.0_typescript@5.9.3/node_modules/@trpc/server/src/adapters/node-http/nodeHTTPRequestHandler.ts:100:26)","path":"inventory.warehouses.create"}}} (3ms)

🔧 Testing Maintenance Router...

❌ [maintenance] workOrders.list (GET) - {"json":{"message":"Please login (10001)","code":-32001,"data":{"code":"UNAUTHORIZED","httpStatus":401,"stack":"TRPCError: Please login (10001)\n    at <anonymous> (/home/ubuntu/6666/server/_core/trpc.ts:17:11)\n    at callRecursive (/home/ubuntu/6666/node_modules/.pnpm/@trpc+server@11.6.0_typescript@5.9.3/node_modules/@trpc/server/src/unstable-core-do-not-import/procedureBuilder.ts:633:26)\n    at procedure (/home/ubuntu/6666/node_modules/.pnpm/@trpc+server@11.6.0_typescript@5.9.3/node_modules/@trpc/server/src/unstable-core-do-not-import/procedureBuilder.ts:673:26)\n    at <anonymous> (/home/ubuntu/6666/node_modules/.pnpm/@trpc+server@11.6.0_typescript@5.9.3/node_modules/@trpc/server/src/unstable-core-do-not-import/http/resolveResponse.ts:347:37)\n    at Array.map (<anonymous>)\n    at resolveResponse (/home/ubuntu/6666/node_modules/.pnpm/@trpc+server@11.6.0_typescript@5.9.3/node_modules/@trpc/server/src/unstable-core-do-not-import/http/resolveResponse.ts:317:33)\n    at process.processTicksAndRejections (node:internal/process/task_queues:105:5)\n    at async <anonymous> (/home/ubuntu/6666/node_modules/.pnpm/@trpc+server@11.6.0_typescript@5.9.3/node_modules/@trpc/server/src/adapters/node-http/nodeHTTPRequestHandler.ts:100:26)","path":"maintenance.workOrders.list"}}} (2ms)
❌ [maintenance] plans.list (GET) - {"json":{"message":"Please login (10001)","code":-32001,"data":{"code":"UNAUTHORIZED","httpStatus":401,"stack":"TRPCError: Please login (10001)\n    at <anonymous> (/home/ubuntu/6666/server/_core/trpc.ts:17:11)\n    at callRecursive (/home/ubuntu/6666/node_modules/.pnpm/@trpc+server@11.6.0_typescript@5.9.3/node_modules/@trpc/server/src/unstable-core-do-not-import/procedureBuilder.ts:633:26)\n    at procedure (/home/ubuntu/6666/node_modules/.pnpm/@trpc+server@11.6.0_typescript@5.9.3/node_modules/@trpc/server/src/unstable-core-do-not-import/procedureBuilder.ts:673:26)\n    at <anonymous> (/home/ubuntu/6666/node_modules/.pnpm/@trpc+server@11.6.0_typescript@5.9.3/node_modules/@trpc/server/src/unstable-core-do-not-import/http/resolveResponse.ts:347:37)\n    at Array.map (<anonymous>)\n    at resolveResponse (/home/ubuntu/6666/node_modules/.pnpm/@trpc+server@11.6.0_typescript@5.9.3/node_modules/@trpc/server/src/unstable-core-do-not-import/http/resolveResponse.ts:317:33)\n    at process.processTicksAndRejections (node:internal/process/task_queues:105:5)\n    at async <anonymous> (/home/ubuntu/6666/node_modules/.pnpm/@trpc+server@11.6.0_typescript@5.9.3/node_modules/@trpc/server/src/adapters/node-http/nodeHTTPRequestHandler.ts:100:26)","path":"maintenance.plans.list"}}} (3ms)
❌ [maintenance] technicians.list (GET) - {"json":{"message":"Please login (10001)","code":-32001,"data":{"code":"UNAUTHORIZED","httpStatus":401,"stack":"TRPCError: Please login (10001)\n    at <anonymous> (/home/ubuntu/6666/server/_core/trpc.ts:17:11)\n    at callRecursive (/home/ubuntu/6666/node_modules/.pnpm/@trpc+server@11.6.0_typescript@5.9.3/node_modules/@trpc/server/src/unstable-core-do-not-import/procedureBuilder.ts:633:26)\n    at procedure (/home/ubuntu/6666/node_modules/.pnpm/@trpc+server@11.6.0_typescript@5.9.3/node_modules/@trpc/server/src/unstable-core-do-not-import/procedureBuilder.ts:673:26)\n    at <anonymous> (/home/ubuntu/6666/node_modules/.pnpm/@trpc+server@11.6.0_typescript@5.9.3/node_modules/@trpc/server/src/unstable-core-do-not-import/http/resolveResponse.ts:347:37)\n    at Array.map (<anonymous>)\n    at resolveResponse (/home/ubuntu/6666/node_modules/.pnpm/@trpc+server@11.6.0_typescript@5.9.3/node_modules/@trpc/server/src/unstable-core-do-not-import/http/resolveResponse.ts:317:33)\n    at process.processTicksAndRejections (node:internal/process/task_queues:105:5)\n    at async <anonymous> (/home/ubuntu/6666/node_modules/.pnpm/@trpc+server@11.6.0_typescript@5.9.3/node_modules/@trpc/server/src/adapters/node-http/nodeHTTPRequestHandler.ts:100:26)","path":"maintenance.technicians.list"}}} (2ms)
❌ [maintenance] stats (GET) - {"json":{"message":"No procedure found on path \"maintenance.stats\"","code":-32004,"data":{"code":"NOT_FOUND","httpStatus":404,"stack":"TRPCError: No procedure found on path \"maintenance.stats\"\n    at <anonymous> (/home/ubuntu/6666/node_modules/.pnpm/@trpc+server@11.6.0_typescript@5.9.3/node_modules/@trpc/server/src/unstable-core-do-not-import/http/resolveResponse.ts:325:17)\n    at Array.map (<anonymous>)\n    at resolveResponse (/home/ubuntu/6666/node_modules/.pnpm/@trpc+server@11.6.0_typescript@5.9.3/node_modules/@trpc/server/src/unstable-core-do-not-import/http/resolveResponse.ts:317:33)\n    at process.processTicksAndRejections (node:internal/process/task_queues:105:5)\n    at async <anonymous> (/home/ubuntu/6666/node_modules/.pnpm/@trpc+server@11.6.0_typescript@5.9.3/node_modules/@trpc/server/src/adapters/node-http/nodeHTTPRequestHandler.ts:100:26)","path":"maintenance.stats"}}} (2ms)
❌ [maintenance] workOrders.create (POST) - {"json":{"message":"Please login (10001)","code":-32001,"data":{"code":"UNAUTHORIZED","httpStatus":401,"stack":"TRPCError: Please login (10001)\n    at <anonymous> (/home/ubuntu/6666/server/_core/trpc.ts:17:11)\n    at callRecursive (/home/ubuntu/6666/node_modules/.pnpm/@trpc+server@11.6.0_typescript@5.9.3/node_modules/@trpc/server/src/unstable-core-do-not-import/procedureBuilder.ts:633:26)\n    at procedure (/home/ubuntu/6666/node_modules/.pnpm/@trpc+server@11.6.0_typescript@5.9.3/node_modules/@trpc/server/src/unstable-core-do-not-import/procedureBuilder.ts:673:26)\n    at <anonymous> (/home/ubuntu/6666/node_modules/.pnpm/@trpc+server@11.6.0_typescript@5.9.3/node_modules/@trpc/server/src/unstable-core-do-not-import/http/resolveResponse.ts:347:37)\n    at Array.map (<anonymous>)\n    at resolveResponse (/home/ubuntu/6666/node_modules/.pnpm/@trpc+server@11.6.0_typescript@5.9.3/node_modules/@trpc/server/src/unstable-core-do-not-import/http/resolveResponse.ts:317:33)\n    at process.processTicksAndRejections (node:internal/process/task_queues:105:5)\n    at async <anonymous> (/home/ubuntu/6666/node_modules/.pnpm/@trpc+server@11.6.0_typescript@5.9.3/node_modules/@trpc/server/src/adapters/node-http/nodeHTTPRequestHandler.ts:100:26)","path":"maintenance.workOrders.create"}}} (3ms)

🏗️ Testing Projects Router...

❌ [projects] list (GET) - {"json":{"message":"[\n  {\n    \"expected\": \"object\",\n    \"code\": \"invalid_type\",\n    \"path\": [],\n    \"message\": \"Invalid input: expected object, received undefined\"\n  }\n]","code":-32600,"data":{"code":"BAD_REQUEST","httpStatus":400,"stack":"TRPCError: [\n  {\n    \"expected\": \"object\",\n    \"code\": \"invalid_type\",\n    \"path\": [],\n    \"message\": \"Invalid input: expected object, received undefined\"\n  }\n]\n    at inputValidatorMiddleware (/home/ubuntu/6666/node_modules/.pnpm/@trpc+server@11.6.0_typescript@5.9.3/node_modules/@trpc/server/src/unstable-core-do-not-import/middleware.ts:191:15)\n    at process.processTicksAndRejections (node:internal/process/task_queues:105:5)\n    at async callRecursive (/home/ubuntu/6666/node_modules/.pnpm/@trpc+server@11.6.0_typescript@5.9.3/node_modules/@trpc/server/src/unstable-core-do-not-import/procedureBuilder.ts:633:20)\n    at async procedure (/home/ubuntu/6666/node_modules/.pnpm/@trpc+server@11.6.0_typescript@5.9.3/node_modules/@trpc/server/src/unstable-core-do-not-import/procedureBuilder.ts:673:20)\n    at async <anonymous> (/home/ubuntu/6666/node_modules/.pnpm/@trpc+server@11.6.0_typescript@5.9.3/node_modules/@trpc/server/src/unstable-core-do-not-import/http/resolveResponse.ts:347:31)\n    at async resolveResponse (/home/ubuntu/6666/node_modules/.pnpm/@trpc+server@11.6.0_typescript@5.9.3/node_modules/@trpc/server/src/unstable-core-do-not-import/http/resolveResponse.ts:375:31)\n    at async <anonymous> (/home/ubuntu/6666/node_modules/.pnpm/@trpc+server@11.6.0_typescript@5.9.3/node_modules/@trpc/server/src/adapters/node-http/nodeHTTPRequestHandler.ts:100:26)","path":"projects.list"}}} (3ms)
❌ [projects] stats (GET) - {"json":{"message":"[\n  {\n    \"expected\": \"object\",\n    \"code\": \"invalid_type\",\n    \"path\": [],\n    \"message\": \"Invalid input: expected object, received undefined\"\n  }\n]","code":-32600,"data":{"code":"BAD_REQUEST","httpStatus":400,"stack":"TRPCError: [\n  {\n    \"expected\": \"object\",\n    \"code\": \"invalid_type\",\n    \"path\": [],\n    \"message\": \"Invalid input: expected object, received undefined\"\n  }\n]\n    at inputValidatorMiddleware (/home/ubuntu/6666/node_modules/.pnpm/@trpc+server@11.6.0_typescript@5.9.3/node_modules/@trpc/server/src/unstable-core-do-not-import/middleware.ts:191:15)\n    at process.processTicksAndRejections (node:internal/process/task_queues:105:5)\n    at async callRecursive (/home/ubuntu/6666/node_modules/.pnpm/@trpc+server@11.6.0_typescript@5.9.3/node_modules/@trpc/server/src/unstable-core-do-not-import/procedureBuilder.ts:633:20)\n    at async procedure (/home/ubuntu/6666/node_modules/.pnpm/@trpc+server@11.6.0_typescript@5.9.3/node_modules/@trpc/server/src/unstable-core-do-not-import/procedureBuilder.ts:673:20)\n    at async <anonymous> (/home/ubuntu/6666/node_modules/.pnpm/@trpc+server@11.6.0_typescript@5.9.3/node_modules/@trpc/server/src/unstable-core-do-not-import/http/resolveResponse.ts:347:31)\n    at async resolveResponse (/home/ubuntu/6666/node_modules/.pnpm/@trpc+server@11.6.0_typescript@5.9.3/node_modules/@trpc/server/src/unstable-core-do-not-import/http/resolveResponse.ts:375:31)\n    at async <anonymous> (/home/ubuntu/6666/node_modules/.pnpm/@trpc+server@11.6.0_typescript@5.9.3/node_modules/@trpc/server/src/adapters/node-http/nodeHTTPRequestHandler.ts:100:26)","path":"projects.stats"}}} (2ms)
❌ [projects] create (POST) - {"json":{"message":"[\n  {\n    \"expected\": \"object\",\n    \"code\": \"invalid_type\",\n    \"path\": [],\n    \"message\": \"Invalid input: expected object, received undefined\"\n  }\n]","code":-32600,"data":{"code":"BAD_REQUEST","httpStatus":400,"stack":"TRPCError: [\n  {\n    \"expected\": \"object\",\n    \"code\": \"invalid_type\",\n    \"path\": [],\n    \"message\": \"Invalid input: expected object, received undefined\"\n  }\n]\n    at inputValidatorMiddleware (/home/ubuntu/6666/node_modules/.pnpm/@trpc+server@11.6.0_typescript@5.9.3/node_modules/@trpc/server/src/unstable-core-do-not-import/middleware.ts:191:15)\n    at process.processTicksAndRejections (node:internal/process/task_queues:105:5)\n    at async callRecursive (/home/ubuntu/6666/node_modules/.pnpm/@trpc+server@11.6.0_typescript@5.9.3/node_modules/@trpc/server/src/unstable-core-do-not-import/procedureBuilder.ts:633:20)\n    at async procedure (/home/ubuntu/6666/node_modules/.pnpm/@trpc+server@11.6.0_typescript@5.9.3/node_modules/@trpc/server/src/unstable-core-do-not-import/procedureBuilder.ts:673:20)\n    at async <anonymous> (/home/ubuntu/6666/node_modules/.pnpm/@trpc+server@11.6.0_typescript@5.9.3/node_modules/@trpc/server/src/unstable-core-do-not-import/http/resolveResponse.ts:347:31)\n    at async resolveResponse (/home/ubuntu/6666/node_modules/.pnpm/@trpc+server@11.6.0_typescript@5.9.3/node_modules/@trpc/server/src/unstable-core-do-not-import/http/resolveResponse.ts:375:31)\n    at async <anonymous> (/home/ubuntu/6666/node_modules/.pnpm/@trpc+server@11.6.0_typescript@5.9.3/node_modules/@trpc/server/src/adapters/node-http/nodeHTTPRequestHandler.ts:100:26)","path":"projects.create"}}} (2ms)

📡 Testing SCADA Router...

❌ [scada] dashboard (GET) - {"json":{"message":"[\n  {\n    \"expected\": \"object\",\n    \"code\": \"invalid_type\",\n    \"path\": [],\n    \"message\": \"Invalid input: expected object, received undefined\"\n  }\n]","code":-32600,"data":{"code":"BAD_REQUEST","httpStatus":400,"stack":"TRPCError: [\n  {\n    \"expected\": \"object\",\n    \"code\": \"invalid_type\",\n    \"path\": [],\n    \"message\": \"Invalid input: expected object, received undefined\"\n  }\n]\n    at inputValidatorMiddleware (/home/ubuntu/6666/node_modules/.pnpm/@trpc+server@11.6.0_typescript@5.9.3/node_modules/@trpc/server/src/unstable-core-do-not-import/middleware.ts:191:15)\n    at process.processTicksAndRejections (node:internal/process/task_queues:105:5)\n    at async callRecursive (/home/ubuntu/6666/node_modules/.pnpm/@trpc+server@11.6.0_typescript@5.9.3/node_modules/@trpc/server/src/unstable-core-do-not-import/procedureBuilder.ts:633:20)\n    at async procedure (/home/ubuntu/6666/node_modules/.pnpm/@trpc+server@11.6.0_typescript@5.9.3/node_modules/@trpc/server/src/unstable-core-do-not-import/procedureBuilder.ts:673:20)\n    at async <anonymous> (/home/ubuntu/6666/node_modules/.pnpm/@trpc+server@11.6.0_typescript@5.9.3/node_modules/@trpc/server/src/unstable-core-do-not-import/http/resolveResponse.ts:347:31)\n    at async resolveResponse (/home/ubuntu/6666/node_modules/.pnpm/@trpc+server@11.6.0_typescript@5.9.3/node_modules/@trpc/server/src/unstable-core-do-not-import/http/resolveResponse.ts:375:31)\n    at async <anonymous> (/home/ubuntu/6666/node_modules/.pnpm/@trpc+server@11.6.0_typescript@5.9.3/node_modules/@trpc/server/src/adapters/node-http/nodeHTTPRequestHandler.ts:100:26)","path":"scada.dashboard"}}} (2ms)
❌ [scada] stats (GET) - {"json":{"message":"[\n  {\n    \"expected\": \"object\",\n    \"code\": \"invalid_type\",\n    \"path\": [],\n    \"message\": \"Invalid input: expected object, received undefined\"\n  }\n]","code":-32600,"data":{"code":"BAD_REQUEST","httpStatus":400,"stack":"TRPCError: [\n  {\n    \"expected\": \"object\",\n    \"code\": \"invalid_type\",\n    \"path\": [],\n    \"message\": \"Invalid input: expected object, received undefined\"\n  }\n]\n    at inputValidatorMiddleware (/home/ubuntu/6666/node_modules/.pnpm/@trpc+server@11.6.0_typescript@5.9.3/node_modules/@trpc/server/src/unstable-core-do-not-import/middleware.ts:191:15)\n    at process.processTicksAndRejections (node:internal/process/task_queues:105:5)\n    at async callRecursive (/home/ubuntu/6666/node_modules/.pnpm/@trpc+server@11.6.0_typescript@5.9.3/node_modules/@trpc/server/src/unstable-core-do-not-import/procedureBuilder.ts:633:20)\n    at async procedure (/home/ubuntu/6666/node_modules/.pnpm/@trpc+server@11.6.0_typescript@5.9.3/node_modules/@trpc/server/src/unstable-core-do-not-import/procedureBuilder.ts:673:20)\n    at async <anonymous> (/home/ubuntu/6666/node_modules/.pnpm/@trpc+server@11.6.0_typescript@5.9.3/node_modules/@trpc/server/src/unstable-core-do-not-import/http/resolveResponse.ts:347:31)\n    at async resolveResponse (/home/ubuntu/6666/node_modules/.pnpm/@trpc+server@11.6.0_typescript@5.9.3/node_modules/@trpc/server/src/unstable-core-do-not-import/http/resolveResponse.ts:375:31)\n    at async <anonymous> (/home/ubuntu/6666/node_modules/.pnpm/@trpc+server@11.6.0_typescript@5.9.3/node_modules/@trpc/server/src/adapters/node-http/nodeHTTPRequestHandler.ts:100:26)","path":"scada.stats"}}} (2ms)
❌ [scada] equipment.list (GET) - {"json":{"message":"[\n  {\n    \"expected\": \"object\",\n    \"code\": \"invalid_type\",\n    \"path\": [],\n    \"message\": \"Invalid input: expected object, received undefined\"\n  }\n]","code":-32600,"data":{"code":"BAD_REQUEST","httpStatus":400,"stack":"TRPCError: [\n  {\n    \"expected\": \"object\",\n    \"code\": \"invalid_type\",\n    \"path\": [],\n    \"message\": \"Invalid input: expected object, received undefined\"\n  }\n]\n    at inputValidatorMiddleware (/home/ubuntu/6666/node_modules/.pnpm/@trpc+server@11.6.0_typescript@5.9.3/node_modules/@trpc/server/src/unstable-core-do-not-import/middleware.ts:191:15)\n    at process.processTicksAndRejections (node:internal/process/task_queues:105:5)\n    at async callRecursive (/home/ubuntu/6666/node_modules/.pnpm/@trpc+server@11.6.0_typescript@5.9.3/node_modules/@trpc/server/src/unstable-core-do-not-import/procedureBuilder.ts:633:20)\n    at async procedure (/home/ubuntu/6666/node_modules/.pnpm/@trpc+server@11.6.0_typescript@5.9.3/node_modules/@trpc/server/src/unstable-core-do-not-import/procedureBuilder.ts:673:20)\n    at async <anonymous> (/home/ubuntu/6666/node_modules/.pnpm/@trpc+server@11.6.0_typescript@5.9.3/node_modules/@trpc/server/src/unstable-core-do-not-import/http/resolveResponse.ts:347:31)\n    at async resolveResponse (/home/ubuntu/6666/node_modules/.pnpm/@trpc+server@11.6.0_typescript@5.9.3/node_modules/@trpc/server/src/unstable-core-do-not-import/http/resolveResponse.ts:375:31)\n    at async <anonymous> (/home/ubuntu/6666/node_modules/.pnpm/@trpc+server@11.6.0_typescript@5.9.3/node_modules/@trpc/server/src/adapters/node-http/nodeHTTPRequestHandler.ts:100:26)","path":"scada.equipment.list"}}} (2ms)
❌ [scada] sensors.list (GET) - {"json":{"message":"[\n  {\n    \"expected\": \"object\",\n    \"code\": \"invalid_type\",\n    \"path\": [],\n    \"message\": \"Invalid input: expected object, received undefined\"\n  }\n]","code":-32600,"data":{"code":"BAD_REQUEST","httpStatus":400,"stack":"TRPCError: [\n  {\n    \"expected\": \"object\",\n    \"code\": \"invalid_type\",\n    \"path\": [],\n    \"message\": \"Invalid input: expected object, received undefined\"\n  }\n]\n    at inputValidatorMiddleware (/home/ubuntu/6666/node_modules/.pnpm/@trpc+server@11.6.0_typescript@5.9.3/node_modules/@trpc/server/src/unstable-core-do-not-import/middleware.ts:191:15)\n    at process.processTicksAndRejections (node:internal/process/task_queues:105:5)\n    at async callRecursive (/home/ubuntu/6666/node_modules/.pnpm/@trpc+server@11.6.0_typescript@5.9.3/node_modules/@trpc/server/src/unstable-core-do-not-import/procedureBuilder.ts:633:20)\n    at async procedure (/home/ubuntu/6666/node_modules/.pnpm/@trpc+server@11.6.0_typescript@5.9.3/node_modules/@trpc/server/src/unstable-core-do-not-import/procedureBuilder.ts:673:20)\n    at async <anonymous> (/home/ubuntu/6666/node_modules/.pnpm/@trpc+server@11.6.0_typescript@5.9.3/node_modules/@trpc/server/src/unstable-core-do-not-import/http/resolveResponse.ts:347:31)\n    at async resolveResponse (/home/ubuntu/6666/node_modules/.pnpm/@trpc+server@11.6.0_typescript@5.9.3/node_modules/@trpc/server/src/unstable-core-do-not-import/http/resolveResponse.ts:375:31)\n    at async <anonymous> (/home/ubuntu/6666/node_modules/.pnpm/@trpc+server@11.6.0_typescript@5.9.3/node_modules/@trpc/server/src/adapters/node-http/nodeHTTPRequestHandler.ts:100:26)","path":"scada.sensors.list"}}} (2ms)
❌ [scada] alerts.list (GET) - {"json":{"message":"[\n  {\n    \"expected\": \"object\",\n    \"code\": \"invalid_type\",\n    \"path\": [],\n    \"message\": \"Invalid input: expected object, received undefined\"\n  }\n]","code":-32600,"data":{"code":"BAD_REQUEST","httpStatus":400,"stack":"TRPCError: [\n  {\n    \"expected\": \"object\",\n    \"code\": \"invalid_type\",\n    \"path\": [],\n    \"message\": \"Invalid input: expected object, received undefined\"\n  }\n]\n    at inputValidatorMiddleware (/home/ubuntu/6666/node_modules/.pnpm/@trpc+server@11.6.0_typescript@5.9.3/node_modules/@trpc/server/src/unstable-core-do-not-import/middleware.ts:191:15)\n    at process.processTicksAndRejections (node:internal/process/task_queues:105:5)\n    at async callRecursive (/home/ubuntu/6666/node_modules/.pnpm/@trpc+server@11.6.0_typescript@5.9.3/node_modules/@trpc/server/src/unstable-core-do-not-import/procedureBuilder.ts:633:20)\n    at async procedure (/home/ubuntu/6666/node_modules/.pnpm/@trpc+server@11.6.0_typescript@5.9.3/node_modules/@trpc/server/src/unstable-core-do-not-import/procedureBuilder.ts:673:20)\n    at async <anonymous> (/home/ubuntu/6666/node_modules/.pnpm/@trpc+server@11.6.0_typescript@5.9.3/node_modules/@trpc/server/src/unstable-core-do-not-import/http/resolveResponse.ts:347:31)\n    at async resolveResponse (/home/ubuntu/6666/node_modules/.pnpm/@trpc+server@11.6.0_typescript@5.9.3/node_modules/@trpc/server/src/unstable-core-do-not-import/http/resolveResponse.ts:375:31)\n    at async <anonymous> (/home/ubuntu/6666/node_modules/.pnpm/@trpc+server@11.6.0_typescript@5.9.3/node_modules/@trpc/server/src/adapters/node-http/nodeHTTPRequestHandler.ts:100:26)","path":"scada.alerts.list"}}} (2ms)
❌ [scada] alerts.stats (GET) - {"json":{"message":"[\n  {\n    \"expected\": \"object\",\n    \"code\": \"invalid_type\",\n    \"path\": [],\n    \"message\": \"Invalid input: expected object, received undefined\"\n  }\n]","code":-32600,"data":{"code":"BAD_REQUEST","httpStatus":400,"stack":"TRPCError: [\n  {\n    \"expected\": \"object\",\n    \"code\": \"invalid_type\",\n    \"path\": [],\n    \"message\": \"Invalid input: expected object, received undefined\"\n  }\n]\n    at inputValidatorMiddleware (/home/ubuntu/6666/node_modules/.pnpm/@trpc+server@11.6.0_typescript@5.9.3/node_modules/@trpc/server/src/unstable-core-do-not-import/middleware.ts:191:15)\n    at process.processTicksAndRejections (node:internal/process/task_queues:105:5)\n    at async callRecursive (/home/ubuntu/6666/node_modules/.pnpm/@trpc+server@11.6.0_typescript@5.9.3/node_modules/@trpc/server/src/unstable-core-do-not-import/procedureBuilder.ts:633:20)\n    at async procedure (/home/ubuntu/6666/node_modules/.pnpm/@trpc+server@11.6.0_typescript@5.9.3/node_modules/@trpc/server/src/unstable-core-do-not-import/procedureBuilder.ts:673:20)\n    at async <anonymous> (/home/ubuntu/6666/node_modules/.pnpm/@trpc+server@11.6.0_typescript@5.9.3/node_modules/@trpc/server/src/unstable-core-do-not-import/http/resolveResponse.ts:347:31)\n    at async resolveResponse (/home/ubuntu/6666/node_modules/.pnpm/@trpc+server@11.6.0_typescript@5.9.3/node_modules/@trpc/server/src/unstable-core-do-not-import/http/resolveResponse.ts:375:31)\n    at async <anonymous> (/home/ubuntu/6666/node_modules/.pnpm/@trpc+server@11.6.0_typescript@5.9.3/node_modules/@trpc/server/src/adapters/node-http/nodeHTTPRequestHandler.ts:100:26)","path":"scada.alerts.stats"}}} (2ms)
❌ [scada] equipment.create (POST) - {"json":{"message":"[\n  {\n    \"expected\": \"object\",\n    \"code\": \"invalid_type\",\n    \"path\": [],\n    \"message\": \"Invalid input: expected object, received undefined\"\n  }\n]","code":-32600,"data":{"code":"BAD_REQUEST","httpStatus":400,"stack":"TRPCError: [\n  {\n    \"expected\": \"object\",\n    \"code\": \"invalid_type\",\n    \"path\": [],\n    \"message\": \"Invalid input: expected object, received undefined\"\n  }\n]\n    at inputValidatorMiddleware (/home/ubuntu/6666/node_modules/.pnpm/@trpc+server@11.6.0_typescript@5.9.3/node_modules/@trpc/server/src/unstable-core-do-not-import/middleware.ts:191:15)\n    at process.processTicksAndRejections (node:internal/process/task_queues:105:5)\n    at async callRecursive (/home/ubuntu/6666/node_modules/.pnpm/@trpc+server@11.6.0_typescript@5.9.3/node_modules/@trpc/server/src/unstable-core-do-not-import/procedureBuilder.ts:633:20)\n    at async procedure (/home/ubuntu/6666/node_modules/.pnpm/@trpc+server@11.6.0_typescript@5.9.3/node_modules/@trpc/server/src/unstable-core-do-not-import/procedureBuilder.ts:673:20)\n    at async <anonymous> (/home/ubuntu/6666/node_modules/.pnpm/@trpc+server@11.6.0_typescript@5.9.3/node_modules/@trpc/server/src/unstable-core-do-not-import/http/resolveResponse.ts:347:31)\n    at async resolveResponse (/home/ubuntu/6666/node_modules/.pnpm/@trpc+server@11.6.0_typescript@5.9.3/node_modules/@trpc/server/src/unstable-core-do-not-import/http/resolveResponse.ts:375:31)\n    at async <anonymous> (/home/ubuntu/6666/node_modules/.pnpm/@trpc+server@11.6.0_typescript@5.9.3/node_modules/@trpc/server/src/adapters/node-http/nodeHTTPRequestHandler.ts:100:26)","path":"scada.equipment.create"}}} (2ms)
❌ [scada] sensors.create (POST) - {"json":{"message":"[\n  {\n    \"expected\": \"object\",\n    \"code\": \"invalid_type\",\n    \"path\": [],\n    \"message\": \"Invalid input: expected object, received undefined\"\n  }\n]","code":-32600,"data":{"code":"BAD_REQUEST","httpStatus":400,"stack":"TRPCError: [\n  {\n    \"expected\": \"object\",\n    \"code\": \"invalid_type\",\n    \"path\": [],\n    \"message\": \"Invalid input: expected object, received undefined\"\n  }\n]\n    at inputValidatorMiddleware (/home/ubuntu/6666/node_modules/.pnpm/@trpc+server@11.6.0_typescript@5.9.3/node_modules/@trpc/server/src/unstable-core-do-not-import/middleware.ts:191:15)\n    at process.processTicksAndRejections (node:internal/process/task_queues:105:5)\n    at async callRecursive (/home/ubuntu/6666/node_modules/.pnpm/@trpc+server@11.6.0_typescript@5.9.3/node_modules/@trpc/server/src/unstable-core-do-not-import/procedureBuilder.ts:633:20)\n    at async procedure (/home/ubuntu/6666/node_modules/.pnpm/@trpc+server@11.6.0_typescript@5.9.3/node_modules/@trpc/server/src/unstable-core-do-not-import/procedureBuilder.ts:673:20)\n    at async <anonymous> (/home/ubuntu/6666/node_modules/.pnpm/@trpc+server@11.6.0_typescript@5.9.3/node_modules/@trpc/server/src/unstable-core-do-not-import/http/resolveResponse.ts:347:31)\n    at async resolveResponse (/home/ubuntu/6666/node_modules/.pnpm/@trpc+server@11.6.0_typescript@5.9.3/node_modules/@trpc/server/src/unstable-core-do-not-import/http/resolveResponse.ts:375:31)\n    at async <anonymous> (/home/ubuntu/6666/node_modules/.pnpm/@trpc+server@11.6.0_typescript@5.9.3/node_modules/@trpc/server/src/adapters/node-http/nodeHTTPRequestHandler.ts:100:26)","path":"scada.sensors.create"}}} (3ms)
❌ [scada] alerts.create (POST) - {"json":{"message":"[\n  {\n    \"expected\": \"object\",\n    \"code\": \"invalid_type\",\n    \"path\": [],\n    \"message\": \"Invalid input: expected object, received undefined\"\n  }\n]","code":-32600,"data":{"code":"BAD_REQUEST","httpStatus":400,"stack":"TRPCError: [\n  {\n    \"expected\": \"object\",\n    \"code\": \"invalid_type\",\n    \"path\": [],\n    \"message\": \"Invalid input: expected object, received undefined\"\n  }\n]\n    at inputValidatorMiddleware (/home/ubuntu/6666/node_modules/.pnpm/@trpc+server@11.6.0_typescript@5.9.3/node_modules/@trpc/server/src/unstable-core-do-not-import/middleware.ts:191:15)\n    at process.processTicksAndRejections (node:internal/process/task_queues:105:5)\n    at async callRecursive (/home/ubuntu/6666/node_modules/.pnpm/@trpc+server@11.6.0_typescript@5.9.3/node_modules/@trpc/server/src/unstable-core-do-not-import/procedureBuilder.ts:633:20)\n    at async procedure (/home/ubuntu/6666/node_modules/.pnpm/@trpc+server@11.6.0_typescript@5.9.3/node_modules/@trpc/server/src/unstable-core-do-not-import/procedureBuilder.ts:673:20)\n    at async <anonymous> (/home/ubuntu/6666/node_modules/.pnpm/@trpc+server@11.6.0_typescript@5.9.3/node_modules/@trpc/server/src/unstable-core-do-not-import/http/resolveResponse.ts:347:31)\n    at async resolveResponse (/home/ubuntu/6666/node_modules/.pnpm/@trpc+server@11.6.0_typescript@5.9.3/node_modules/@trpc/server/src/unstable-core-do-not-import/http/resolveResponse.ts:375:31)\n    at async <anonymous> (/home/ubuntu/6666/node_modules/.pnpm/@trpc+server@11.6.0_typescript@5.9.3/node_modules/@trpc/server/src/adapters/node-http/nodeHTTPRequestHandler.ts:100:26)","path":"scada.alerts.create"}}} (2ms)

================================================================================
📋 INTEGRATION TESTS REPORT - تقرير اختبارات التكامل
================================================================================

📊 Summary / الملخص:
----------------------------------------
Total Tests / إجمالي الاختبارات: 32
✅ Passed / ناجح: 0
❌ Failed / فاشل: 32
⏭️ Skipped / متخطى: 0
📈 Success Rate / نسبة النجاح: 0.0%
⏱️ Average Response Time / متوسط وقت الاستجابة: 4ms

📦 Results by Router / النتائج حسب الـ Router:
----------------------------------------

ASSETS:
  Tests: 4 | Passed: 0 | Failed: 4
  Success Rate: 0.0% | Avg Time: 16ms
  Failed Tests:
    ❌ list: {"json":{"message":"Please login (10001)","code":-32001,"data":{"code":"UNAUTHORIZED","httpStatus":401,"stack":"TRPCError: Please login (10001)\n    at <anonymous> (/home/ubuntu/6666/server/_core/trpc.ts:17:11)\n    at callRecursive (/home/ubuntu/6666/node_modules/.pnpm/@trpc+server@11.6.0_typescript@5.9.3/node_modules/@trpc/server/src/unstable-core-do-not-import/procedureBuilder.ts:633:26)\n    at procedure (/home/ubuntu/6666/node_modules/.pnpm/@trpc+server@11.6.0_typescript@5.9.3/node_modules/@trpc/server/src/unstable-core-do-not-import/procedureBuilder.ts:673:26)\n    at <anonymous> (/home/ubuntu/6666/node_modules/.pnpm/@trpc+server@11.6.0_typescript@5.9.3/node_modules/@trpc/server/src/unstable-core-do-not-import/http/resolveResponse.ts:347:37)\n    at Array.map (<anonymous>)\n    at resolveResponse (/home/ubuntu/6666/node_modules/.pnpm/@trpc+server@11.6.0_typescript@5.9.3/node_modules/@trpc/server/src/unstable-core-do-not-import/http/resolveResponse.ts:317:33)\n    at process.processTicksAndRejections (node:internal/process/task_queues:105:5)\n    at async <anonymous> (/home/ubuntu/6666/node_modules/.pnpm/@trpc+server@11.6.0_typescript@5.9.3/node_modules/@trpc/server/src/adapters/node-http/nodeHTTPRequestHandler.ts:100:26)","path":"assets.list"}}}
    ❌ categories: {"json":{"message":"No procedure found on path \"assets.categories\"","code":-32004,"data":{"code":"NOT_FOUND","httpStatus":404,"stack":"TRPCError: No procedure found on path \"assets.categories\"\n    at <anonymous> (/home/ubuntu/6666/node_modules/.pnpm/@trpc+server@11.6.0_typescript@5.9.3/node_modules/@trpc/server/src/unstable-core-do-not-import/http/resolveResponse.ts:325:17)\n    at Array.map (<anonymous>)\n    at resolveResponse (/home/ubuntu/6666/node_modules/.pnpm/@trpc+server@11.6.0_typescript@5.9.3/node_modules/@trpc/server/src/unstable-core-do-not-import/http/resolveResponse.ts:317:33)\n    at process.processTicksAndRejections (node:internal/process/task_queues:105:5)\n    at async <anonymous> (/home/ubuntu/6666/node_modules/.pnpm/@trpc+server@11.6.0_typescript@5.9.3/node_modules/@trpc/server/src/adapters/node-http/nodeHTTPRequestHandler.ts:100:26)","path":"assets.categories"}}}
    ❌ stats: {"json":{"message":"No procedure found on path \"assets.stats\"","code":-32004,"data":{"code":"NOT_FOUND","httpStatus":404,"stack":"TRPCError: No procedure found on path \"assets.stats\"\n    at <anonymous> (/home/ubuntu/6666/node_modules/.pnpm/@trpc+server@11.6.0_typescript@5.9.3/node_modules/@trpc/server/src/unstable-core-do-not-import/http/resolveResponse.ts:325:17)\n    at Array.map (<anonymous>)\n    at resolveResponse (/home/ubuntu/6666/node_modules/.pnpm/@trpc+server@11.6.0_typescript@5.9.3/node_modules/@trpc/server/src/unstable-core-do-not-import/http/resolveResponse.ts:317:33)\n    at process.processTicksAndRejections (node:internal/process/task_queues:105:5)\n    at async <anonymous> (/home/ubuntu/6666/node_modules/.pnpm/@trpc+server@11.6.0_typescript@5.9.3/node_modules/@trpc/server/src/adapters/node-http/nodeHTTPRequestHandler.ts:100:26)","path":"assets.stats"}}}
    ❌ create: {"json":{"message":"Please login (10001)","code":-32001,"data":{"code":"UNAUTHORIZED","httpStatus":401,"stack":"TRPCError: Please login (10001)\n    at <anonymous> (/home/ubuntu/6666/server/_core/trpc.ts:17:11)\n    at callRecursive (/home/ubuntu/6666/node_modules/.pnpm/@trpc+server@11.6.0_typescript@5.9.3/node_modules/@trpc/server/src/unstable-core-do-not-import/procedureBuilder.ts:633:26)\n    at procedure (/home/ubuntu/6666/node_modules/.pnpm/@trpc+server@11.6.0_typescript@5.9.3/node_modules/@trpc/server/src/unstable-core-do-not-import/procedureBuilder.ts:673:26)\n    at <anonymous> (/home/ubuntu/6666/node_modules/.pnpm/@trpc+server@11.6.0_typescript@5.9.3/node_modules/@trpc/server/src/unstable-core-do-not-import/http/resolveResponse.ts:347:37)\n    at Array.map (<anonymous>)\n    at resolveResponse (/home/ubuntu/6666/node_modules/.pnpm/@trpc+server@11.6.0_typescript@5.9.3/node_modules/@trpc/server/src/unstable-core-do-not-import/http/resolveResponse.ts:317:33)\n    at process.processTicksAndRejections (node:internal/process/task_queues:105:5)\n    at async <anonymous> (/home/ubuntu/6666/node_modules/.pnpm/@trpc+server@11.6.0_typescript@5.9.3/node_modules/@trpc/server/src/adapters/node-http/nodeHTTPRequestHandler.ts:100:26)","path":"assets.create"}}}

ACCOUNTING:
  Tests: 6 | Passed: 0 | Failed: 6
  Success Rate: 0.0% | Avg Time: 3ms
  Failed Tests:
    ❌ accounts.list: {"json":{"message":"Please login (10001)","code":-32001,"data":{"code":"UNAUTHORIZED","httpStatus":401,"stack":"TRPCError: Please login (10001)\n    at <anonymous> (/home/ubuntu/6666/server/_core/trpc.ts:17:11)\n    at callRecursive (/home/ubuntu/6666/node_modules/.pnpm/@trpc+server@11.6.0_typescript@5.9.3/node_modules/@trpc/server/src/unstable-core-do-not-import/procedureBuilder.ts:633:26)\n    at procedure (/home/ubuntu/6666/node_modules/.pnpm/@trpc+server@11.6.0_typescript@5.9.3/node_modules/@trpc/server/src/unstable-core-do-not-import/procedureBuilder.ts:673:26)\n    at <anonymous> (/home/ubuntu/6666/node_modules/.pnpm/@trpc+server@11.6.0_typescript@5.9.3/node_modules/@trpc/server/src/unstable-core-do-not-import/http/resolveResponse.ts:347:37)\n    at Array.map (<anonymous>)\n    at resolveResponse (/home/ubuntu/6666/node_modules/.pnpm/@trpc+server@11.6.0_typescript@5.9.3/node_modules/@trpc/server/src/unstable-core-do-not-import/http/resolveResponse.ts:317:33)\n    at process.processTicksAndRejections (node:internal/process/task_queues:105:5)\n    at async <anonymous> (/home/ubuntu/6666/node_modules/.pnpm/@trpc+server@11.6.0_typescript@5.9.3/node_modules/@trpc/server/src/adapters/node-http/nodeHTTPRequestHandler.ts:100:26)","path":"accounting.accounts.list"}}}
    ❌ chartOfAccounts: {"json":{"message":"No procedure found on path \"accounting.chartOfAccounts\"","code":-32004,"data":{"code":"NOT_FOUND","httpStatus":404,"stack":"TRPCError: No procedure found on path \"accounting.chartOfAccounts\"\n    at <anonymous> (/home/ubuntu/6666/node_modules/.pnpm/@trpc+server@11.6.0_typescript@5.9.3/node_modules/@trpc/server/src/unstable-core-do-not-import/http/resolveResponse.ts:325:17)\n    at Array.map (<anonymous>)\n    at resolveResponse (/home/ubuntu/6666/node_modules/.pnpm/@trpc+server@11.6.0_typescript@5.9.3/node_modules/@trpc/server/src/unstable-core-do-not-import/http/resolveResponse.ts:317:33)\n    at process.processTicksAndRejections (node:internal/process/task_queues:105:5)\n    at async <anonymous> (/home/ubuntu/6666/node_modules/.pnpm/@trpc+server@11.6.0_typescript@5.9.3/node_modules/@trpc/server/src/adapters/node-http/nodeHTTPRequestHandler.ts:100:26)","path":"accounting.chartOfAccounts"}}}
    ❌ journalEntries.list: {"json":{"message":"Please login (10001)","code":-32001,"data":{"code":"UNAUTHORIZED","httpStatus":401,"stack":"TRPCError: Please login (10001)\n    at <anonymous> (/home/ubuntu/6666/server/_core/trpc.ts:17:11)\n    at callRecursive (/home/ubuntu/6666/node_modules/.pnpm/@trpc+server@11.6.0_typescript@5.9.3/node_modules/@trpc/server/src/unstable-core-do-not-import/procedureBuilder.ts:633:26)\n    at procedure (/home/ubuntu/6666/node_modules/.pnpm/@trpc+server@11.6.0_typescript@5.9.3/node_modules/@trpc/server/src/unstable-core-do-not-import/procedureBuilder.ts:673:26)\n    at <anonymous> (/home/ubuntu/6666/node_modules/.pnpm/@trpc+server@11.6.0_typescript@5.9.3/node_modules/@trpc/server/src/unstable-core-do-not-import/http/resolveResponse.ts:347:37)\n    at Array.map (<anonymous>)\n    at resolveResponse (/home/ubuntu/6666/node_modules/.pnpm/@trpc+server@11.6.0_typescript@5.9.3/node_modules/@trpc/server/src/unstable-core-do-not-import/http/resolveResponse.ts:317:33)\n    at process.processTicksAndRejections (node:internal/process/task_queues:105:5)\n    at async <anonymous> (/home/ubuntu/6666/node_modules/.pnpm/@trpc+server@11.6.0_typescript@5.9.3/node_modules/@trpc/server/src/adapters/node-http/nodeHTTPRequestHandler.ts:100:26)","path":"accounting.journalEntries.list"}}}
    ❌ trialBalance: {"json":{"message":"No procedure found on path \"accounting.trialBalance\"","code":-32004,"data":{"code":"NOT_FOUND","httpStatus":404,"stack":"TRPCError: No procedure found on path \"accounting.trialBalance\"\n    at <anonymous> (/home/ubuntu/6666/node_modules/.pnpm/@trpc+server@11.6.0_typescript@5.9.3/node_modules/@trpc/server/src/unstable-core-do-not-import/http/resolveResponse.ts:325:17)\n    at Array.map (<anonymous>)\n    at resolveResponse (/home/ubuntu/6666/node_modules/.pnpm/@trpc+server@11.6.0_typescript@5.9.3/node_modules/@trpc/server/src/unstable-core-do-not-import/http/resolveResponse.ts:317:33)\n    at process.processTicksAndRejections (node:internal/process/task_queues:105:5)\n    at async <anonymous> (/home/ubuntu/6666/node_modules/.pnpm/@trpc+server@11.6.0_typescript@5.9.3/node_modules/@trpc/server/src/adapters/node-http/nodeHTTPRequestHandler.ts:100:26)","path":"accounting.trialBalance"}}}
    ❌ stats: {"json":{"message":"No procedure found on path \"accounting.stats\"","code":-32004,"data":{"code":"NOT_FOUND","httpStatus":404,"stack":"TRPCError: No procedure found on path \"accounting.stats\"\n    at <anonymous> (/home/ubuntu/6666/node_modules/.pnpm/@trpc+server@11.6.0_typescript@5.9.3/node_modules/@trpc/server/src/unstable-core-do-not-import/http/resolveResponse.ts:325:17)\n    at Array.map (<anonymous>)\n    at resolveResponse (/home/ubuntu/6666/node_modules/.pnpm/@trpc+server@11.6.0_typescript@5.9.3/node_modules/@trpc/server/src/unstable-core-do-not-import/http/resolveResponse.ts:317:33)\n    at process.processTicksAndRejections (node:internal/process/task_queues:105:5)\n    at async <anonymous> (/home/ubuntu/6666/node_modules/.pnpm/@trpc+server@11.6.0_typescript@5.9.3/node_modules/@trpc/server/src/adapters/node-http/nodeHTTPRequestHandler.ts:100:26)","path":"accounting.stats"}}}
    ❌ accounts.create: {"json":{"message":"Please login (10001)","code":-32001,"data":{"code":"UNAUTHORIZED","httpStatus":401,"stack":"TRPCError: Please login (10001)\n    at <anonymous> (/home/ubuntu/6666/server/_core/trpc.ts:17:11)\n    at callRecursive (/home/ubuntu/6666/node_modules/.pnpm/@trpc+server@11.6.0_typescript@5.9.3/node_modules/@trpc/server/src/unstable-core-do-not-import/procedureBuilder.ts:633:26)\n    at procedure (/home/ubuntu/6666/node_modules/.pnpm/@trpc+server@11.6.0_typescript@5.9.3/node_modules/@trpc/server/src/unstable-core-do-not-import/procedureBuilder.ts:673:26)\n    at <anonymous> (/home/ubuntu/6666/node_modules/.pnpm/@trpc+server@11.6.0_typescript@5.9.3/node_modules/@trpc/server/src/unstable-core-do-not-import/http/resolveResponse.ts:347:37)\n    at Array.map (<anonymous>)\n    at resolveResponse (/home/ubuntu/6666/node_modules/.pnpm/@trpc+server@11.6.0_typescript@5.9.3/node_modules/@trpc/server/src/unstable-core-do-not-import/http/resolveResponse.ts:317:33)\n    at process.processTicksAndRejections (node:internal/process/task_queues:105:5)\n    at async <anonymous> (/home/ubuntu/6666/node_modules/.pnpm/@trpc+server@11.6.0_typescript@5.9.3/node_modules/@trpc/server/src/adapters/node-http/nodeHTTPRequestHandler.ts:100:26)","path":"accounting.accounts.create"}}}

INVENTORY:
  Tests: 5 | Passed: 0 | Failed: 5
  Success Rate: 0.0% | Avg Time: 2ms
  Failed Tests:
    ❌ items.list: {"json":{"message":"Please login (10001)","code":-32001,"data":{"code":"UNAUTHORIZED","httpStatus":401,"stack":"TRPCError: Please login (10001)\n    at <anonymous> (/home/ubuntu/6666/server/_core/trpc.ts:17:11)\n    at callRecursive (/home/ubuntu/6666/node_modules/.pnpm/@trpc+server@11.6.0_typescript@5.9.3/node_modules/@trpc/server/src/unstable-core-do-not-import/procedureBuilder.ts:633:26)\n    at procedure (/home/ubuntu/6666/node_modules/.pnpm/@trpc+server@11.6.0_typescript@5.9.3/node_modules/@trpc/server/src/unstable-core-do-not-import/procedureBuilder.ts:673:26)\n    at <anonymous> (/home/ubuntu/6666/node_modules/.pnpm/@trpc+server@11.6.0_typescript@5.9.3/node_modules/@trpc/server/src/unstable-core-do-not-import/http/resolveResponse.ts:347:37)\n    at Array.map (<anonymous>)\n    at resolveResponse (/home/ubuntu/6666/node_modules/.pnpm/@trpc+server@11.6.0_typescript@5.9.3/node_modules/@trpc/server/src/unstable-core-do-not-import/http/resolveResponse.ts:317:33)\n    at process.processTicksAndRejections (node:internal/process/task_queues:105:5)\n    at async <anonymous> (/home/ubuntu/6666/node_modules/.pnpm/@trpc+server@11.6.0_typescript@5.9.3/node_modules/@trpc/server/src/adapters/node-http/nodeHTTPRequestHandler.ts:100:26)","path":"inventory.items.list"}}}
    ❌ warehouses.list: {"json":{"message":"Please login (10001)","code":-32001,"data":{"code":"UNAUTHORIZED","httpStatus":401,"stack":"TRPCError: Please login (10001)\n    at <anonymous> (/home/ubuntu/6666/server/_core/trpc.ts:17:11)\n    at callRecursive (/home/ubuntu/6666/node_modules/.pnpm/@trpc+server@11.6.0_typescript@5.9.3/node_modules/@trpc/server/src/unstable-core-do-not-import/procedureBuilder.ts:633:26)\n    at procedure (/home/ubuntu/6666/node_modules/.pnpm/@trpc+server@11.6.0_typescript@5.9.3/node_modules/@trpc/server/src/unstable-core-do-not-import/procedureBuilder.ts:673:26)\n    at <anonymous> (/home/ubuntu/6666/node_modules/.pnpm/@trpc+server@11.6.0_typescript@5.9.3/node_modules/@trpc/server/src/unstable-core-do-not-import/http/resolveResponse.ts:347:37)\n    at Array.map (<anonymous>)\n    at resolveResponse (/home/ubuntu/6666/node_modules/.pnpm/@trpc+server@11.6.0_typescript@5.9.3/node_modules/@trpc/server/src/unstable-core-do-not-import/http/resolveResponse.ts:317:33)\n    at process.processTicksAndRejections (node:internal/process/task_queues:105:5)\n    at async <anonymous> (/home/ubuntu/6666/node_modules/.pnpm/@trpc+server@11.6.0_typescript@5.9.3/node_modules/@trpc/server/src/adapters/node-http/nodeHTTPRequestHandler.ts:100:26)","path":"inventory.warehouses.list"}}}
    ❌ stats: {"json":{"message":"No procedure found on path \"inventory.stats\"","code":-32004,"data":{"code":"NOT_FOUND","httpStatus":404,"stack":"TRPCError: No procedure found on path \"inventory.stats\"\n    at <anonymous> (/home/ubuntu/6666/node_modules/.pnpm/@trpc+server@11.6.0_typescript@5.9.3/node_modules/@trpc/server/src/unstable-core-do-not-import/http/resolveResponse.ts:325:17)\n    at Array.map (<anonymous>)\n    at resolveResponse (/home/ubuntu/6666/node_modules/.pnpm/@trpc+server@11.6.0_typescript@5.9.3/node_modules/@trpc/server/src/unstable-core-do-not-import/http/resolveResponse.ts:317:33)\n    at process.processTicksAndRejections (node:internal/process/task_queues:105:5)\n    at async <anonymous> (/home/ubuntu/6666/node_modules/.pnpm/@trpc+server@11.6.0_typescript@5.9.3/node_modules/@trpc/server/src/adapters/node-http/nodeHTTPRequestHandler.ts:100:26)","path":"inventory.stats"}}}
    ❌ items.create: {"json":{"message":"Please login (10001)","code":-32001,"data":{"code":"UNAUTHORIZED","httpStatus":401,"stack":"TRPCError: Please login (10001)\n    at <anonymous> (/home/ubuntu/6666/server/_core/trpc.ts:17:11)\n    at callRecursive (/home/ubuntu/6666/node_modules/.pnpm/@trpc+server@11.6.0_typescript@5.9.3/node_modules/@trpc/server/src/unstable-core-do-not-import/procedureBuilder.ts:633:26)\n    at procedure (/home/ubuntu/6666/node_modules/.pnpm/@trpc+server@11.6.0_typescript@5.9.3/node_modules/@trpc/server/src/unstable-core-do-not-import/procedureBuilder.ts:673:26)\n    at <anonymous> (/home/ubuntu/6666/node_modules/.pnpm/@trpc+server@11.6.0_typescript@5.9.3/node_modules/@trpc/server/src/unstable-core-do-not-import/http/resolveResponse.ts:347:37)\n    at Array.map (<anonymous>)\n    at resolveResponse (/home/ubuntu/6666/node_modules/.pnpm/@trpc+server@11.6.0_typescript@5.9.3/node_modules/@trpc/server/src/unstable-core-do-not-import/http/resolveResponse.ts:317:33)\n    at process.processTicksAndRejections (node:internal/process/task_queues:105:5)\n    at async <anonymous> (/home/ubuntu/6666/node_modules/.pnpm/@trpc+server@11.6.0_typescript@5.9.3/node_modules/@trpc/server/src/adapters/node-http/nodeHTTPRequestHandler.ts:100:26)","path":"inventory.items.create"}}}
    ❌ warehouses.create: {"json":{"message":"Please login (10001)","code":-32001,"data":{"code":"UNAUTHORIZED","httpStatus":401,"stack":"TRPCError: Please login (10001)\n    at <anonymous> (/home/ubuntu/6666/server/_core/trpc.ts:17:11)\n    at callRecursive (/home/ubuntu/6666/node_modules/.pnpm/@trpc+server@11.6.0_typescript@5.9.3/node_modules/@trpc/server/src/unstable-core-do-not-import/procedureBuilder.ts:633:26)\n    at procedure (/home/ubuntu/6666/node_modules/.pnpm/@trpc+server@11.6.0_typescript@5.9.3/node_modules/@trpc/server/src/unstable-core-do-not-import/procedureBuilder.ts:673:26)\n    at <anonymous> (/home/ubuntu/6666/node_modules/.pnpm/@trpc+server@11.6.0_typescript@5.9.3/node_modules/@trpc/server/src/unstable-core-do-not-import/http/resolveResponse.ts:347:37)\n    at Array.map (<anonymous>)\n    at resolveResponse (/home/ubuntu/6666/node_modules/.pnpm/@trpc+server@11.6.0_typescript@5.9.3/node_modules/@trpc/server/src/unstable-core-do-not-import/http/resolveResponse.ts:317:33)\n    at process.processTicksAndRejections (node:internal/process/task_queues:105:5)\n    at async <anonymous> (/home/ubuntu/6666/node_modules/.pnpm/@trpc+server@11.6.0_typescript@5.9.3/node_modules/@trpc/server/src/adapters/node-http/nodeHTTPRequestHandler.ts:100:26)","path":"inventory.warehouses.create"}}}

MAINTENANCE:
  Tests: 5 | Passed: 0 | Failed: 5
  Success Rate: 0.0% | Avg Time: 2ms
  Failed Tests:
    ❌ workOrders.list: {"json":{"message":"Please login (10001)","code":-32001,"data":{"code":"UNAUTHORIZED","httpStatus":401,"stack":"TRPCError: Please login (10001)\n    at <anonymous> (/home/ubuntu/6666/server/_core/trpc.ts:17:11)\n    at callRecursive (/home/ubuntu/6666/node_modules/.pnpm/@trpc+server@11.6.0_typescript@5.9.3/node_modules/@trpc/server/src/unstable-core-do-not-import/procedureBuilder.ts:633:26)\n    at procedure (/home/ubuntu/6666/node_modules/.pnpm/@trpc+server@11.6.0_typescript@5.9.3/node_modules/@trpc/server/src/unstable-core-do-not-import/procedureBuilder.ts:673:26)\n    at <anonymous> (/home/ubuntu/6666/node_modules/.pnpm/@trpc+server@11.6.0_typescript@5.9.3/node_modules/@trpc/server/src/unstable-core-do-not-import/http/resolveResponse.ts:347:37)\n    at Array.map (<anonymous>)\n    at resolveResponse (/home/ubuntu/6666/node_modules/.pnpm/@trpc+server@11.6.0_typescript@5.9.3/node_modules/@trpc/server/src/unstable-core-do-not-import/http/resolveResponse.ts:317:33)\n    at process.processTicksAndRejections (node:internal/process/task_queues:105:5)\n    at async <anonymous> (/home/ubuntu/6666/node_modules/.pnpm/@trpc+server@11.6.0_typescript@5.9.3/node_modules/@trpc/server/src/adapters/node-http/nodeHTTPRequestHandler.ts:100:26)","path":"maintenance.workOrders.list"}}}
    ❌ plans.list: {"json":{"message":"Please login (10001)","code":-32001,"data":{"code":"UNAUTHORIZED","httpStatus":401,"stack":"TRPCError: Please login (10001)\n    at <anonymous> (/home/ubuntu/6666/server/_core/trpc.ts:17:11)\n    at callRecursive (/home/ubuntu/6666/node_modules/.pnpm/@trpc+server@11.6.0_typescript@5.9.3/node_modules/@trpc/server/src/unstable-core-do-not-import/procedureBuilder.ts:633:26)\n    at procedure (/home/ubuntu/6666/node_modules/.pnpm/@trpc+server@11.6.0_typescript@5.9.3/node_modules/@trpc/server/src/unstable-core-do-not-import/procedureBuilder.ts:673:26)\n    at <anonymous> (/home/ubuntu/6666/node_modules/.pnpm/@trpc+server@11.6.0_typescript@5.9.3/node_modules/@trpc/server/src/unstable-core-do-not-import/http/resolveResponse.ts:347:37)\n    at Array.map (<anonymous>)\n    at resolveResponse (/home/ubuntu/6666/node_modules/.pnpm/@trpc+server@11.6.0_typescript@5.9.3/node_modules/@trpc/server/src/unstable-core-do-not-import/http/resolveResponse.ts:317:33)\n    at process.processTicksAndRejections (node:internal/process/task_queues:105:5)\n    at async <anonymous> (/home/ubuntu/6666/node_modules/.pnpm/@trpc+server@11.6.0_typescript@5.9.3/node_modules/@trpc/server/src/adapters/node-http/nodeHTTPRequestHandler.ts:100:26)","path":"maintenance.plans.list"}}}
    ❌ technicians.list: {"json":{"message":"Please login (10001)","code":-32001,"data":{"code":"UNAUTHORIZED","httpStatus":401,"stack":"TRPCError: Please login (10001)\n    at <anonymous> (/home/ubuntu/6666/server/_core/trpc.ts:17:11)\n    at callRecursive (/home/ubuntu/6666/node_modules/.pnpm/@trpc+server@11.6.0_typescript@5.9.3/node_modules/@trpc/server/src/unstable-core-do-not-import/procedureBuilder.ts:633:26)\n    at procedure (/home/ubuntu/6666/node_modules/.pnpm/@trpc+server@11.6.0_typescript@5.9.3/node_modules/@trpc/server/src/unstable-core-do-not-import/procedureBuilder.ts:673:26)\n    at <anonymous> (/home/ubuntu/6666/node_modules/.pnpm/@trpc+server@11.6.0_typescript@5.9.3/node_modules/@trpc/server/src/unstable-core-do-not-import/http/resolveResponse.ts:347:37)\n    at Array.map (<anonymous>)\n    at resolveResponse (/home/ubuntu/6666/node_modules/.pnpm/@trpc+server@11.6.0_typescript@5.9.3/node_modules/@trpc/server/src/unstable-core-do-not-import/http/resolveResponse.ts:317:33)\n    at process.processTicksAndRejections (node:internal/process/task_queues:105:5)\n    at async <anonymous> (/home/ubuntu/6666/node_modules/.pnpm/@trpc+server@11.6.0_typescript@5.9.3/node_modules/@trpc/server/src/adapters/node-http/nodeHTTPRequestHandler.ts:100:26)","path":"maintenance.technicians.list"}}}
    ❌ stats: {"json":{"message":"No procedure found on path \"maintenance.stats\"","code":-32004,"data":{"code":"NOT_FOUND","httpStatus":404,"stack":"TRPCError: No procedure found on path \"maintenance.stats\"\n    at <anonymous> (/home/ubuntu/6666/node_modules/.pnpm/@trpc+server@11.6.0_typescript@5.9.3/node_modules/@trpc/server/src/unstable-core-do-not-import/http/resolveResponse.ts:325:17)\n    at Array.map (<anonymous>)\n    at resolveResponse (/home/ubuntu/6666/node_modules/.pnpm/@trpc+server@11.6.0_typescript@5.9.3/node_modules/@trpc/server/src/unstable-core-do-not-import/http/resolveResponse.ts:317:33)\n    at process.processTicksAndRejections (node:internal/process/task_queues:105:5)\n    at async <anonymous> (/home/ubuntu/6666/node_modules/.pnpm/@trpc+server@11.6.0_typescript@5.9.3/node_modules/@trpc/server/src/adapters/node-http/nodeHTTPRequestHandler.ts:100:26)","path":"maintenance.stats"}}}
    ❌ workOrders.create: {"json":{"message":"Please login (10001)","code":-32001,"data":{"code":"UNAUTHORIZED","httpStatus":401,"stack":"TRPCError: Please login (10001)\n    at <anonymous> (/home/ubuntu/6666/server/_core/trpc.ts:17:11)\n    at callRecursive (/home/ubuntu/6666/node_modules/.pnpm/@trpc+server@11.6.0_typescript@5.9.3/node_modules/@trpc/server/src/unstable-core-do-not-import/procedureBuilder.ts:633:26)\n    at procedure (/home/ubuntu/6666/node_modules/.pnpm/@trpc+server@11.6.0_typescript@5.9.3/node_modules/@trpc/server/src/unstable-core-do-not-import/procedureBuilder.ts:673:26)\n    at <anonymous> (/home/ubuntu/6666/node_modules/.pnpm/@trpc+server@11.6.0_typescript@5.9.3/node_modules/@trpc/server/src/unstable-core-do-not-import/http/resolveResponse.ts:347:37)\n    at Array.map (<anonymous>)\n    at resolveResponse (/home/ubuntu/6666/node_modules/.pnpm/@trpc+server@11.6.0_typescript@5.9.3/node_modules/@trpc/server/src/unstable-core-do-not-import/http/resolveResponse.ts:317:33)\n    at process.processTicksAndRejections (node:internal/process/task_queues:105:5)\n    at async <anonymous> (/home/ubuntu/6666/node_modules/.pnpm/@trpc+server@11.6.0_typescript@5.9.3/node_modules/@trpc/server/src/adapters/node-http/nodeHTTPRequestHandler.ts:100:26)","path":"maintenance.workOrders.create"}}}

PROJECTS:
  Tests: 3 | Passed: 0 | Failed: 3
  Success Rate: 0.0% | Avg Time: 2ms
  Failed Tests:
    ❌ list: {"json":{"message":"[\n  {\n    \"expected\": \"object\",\n    \"code\": \"invalid_type\",\n    \"path\": [],\n    \"message\": \"Invalid input: expected object, received undefined\"\n  }\n]","code":-32600,"data":{"code":"BAD_REQUEST","httpStatus":400,"stack":"TRPCError: [\n  {\n    \"expected\": \"object\",\n    \"code\": \"invalid_type\",\n    \"path\": [],\n    \"message\": \"Invalid input: expected object, received undefined\"\n  }\n]\n    at inputValidatorMiddleware (/home/ubuntu/6666/node_modules/.pnpm/@trpc+server@11.6.0_typescript@5.9.3/node_modules/@trpc/server/src/unstable-core-do-not-import/middleware.ts:191:15)\n    at process.processTicksAndRejections (node:internal/process/task_queues:105:5)\n    at async callRecursive (/home/ubuntu/6666/node_modules/.pnpm/@trpc+server@11.6.0_typescript@5.9.3/node_modules/@trpc/server/src/unstable-core-do-not-import/procedureBuilder.ts:633:20)\n    at async procedure (/home/ubuntu/6666/node_modules/.pnpm/@trpc+server@11.6.0_typescript@5.9.3/node_modules/@trpc/server/src/unstable-core-do-not-import/procedureBuilder.ts:673:20)\n    at async <anonymous> (/home/ubuntu/6666/node_modules/.pnpm/@trpc+server@11.6.0_typescript@5.9.3/node_modules/@trpc/server/src/unstable-core-do-not-import/http/resolveResponse.ts:347:31)\n    at async resolveResponse (/home/ubuntu/6666/node_modules/.pnpm/@trpc+server@11.6.0_typescript@5.9.3/node_modules/@trpc/server/src/unstable-core-do-not-import/http/resolveResponse.ts:375:31)\n    at async <anonymous> (/home/ubuntu/6666/node_modules/.pnpm/@trpc+server@11.6.0_typescript@5.9.3/node_modules/@trpc/server/src/adapters/node-http/nodeHTTPRequestHandler.ts:100:26)","path":"projects.list"}}}
    ❌ stats: {"json":{"message":"[\n  {\n    \"expected\": \"object\",\n    \"code\": \"invalid_type\",\n    \"path\": [],\n    \"message\": \"Invalid input: expected object, received undefined\"\n  }\n]","code":-32600,"data":{"code":"BAD_REQUEST","httpStatus":400,"stack":"TRPCError: [\n  {\n    \"expected\": \"object\",\n    \"code\": \"invalid_type\",\n    \"path\": [],\n    \"message\": \"Invalid input: expected object, received undefined\"\n  }\n]\n    at inputValidatorMiddleware (/home/ubuntu/6666/node_modules/.pnpm/@trpc+server@11.6.0_typescript@5.9.3/node_modules/@trpc/server/src/unstable-core-do-not-import/middleware.ts:191:15)\n    at process.processTicksAndRejections (node:internal/process/task_queues:105:5)\n    at async callRecursive (/home/ubuntu/6666/node_modules/.pnpm/@trpc+server@11.6.0_typescript@5.9.3/node_modules/@trpc/server/src/unstable-core-do-not-import/procedureBuilder.ts:633:20)\n    at async procedure (/home/ubuntu/6666/node_modules/.pnpm/@trpc+server@11.6.0_typescript@5.9.3/node_modules/@trpc/server/src/unstable-core-do-not-import/procedureBuilder.ts:673:20)\n    at async <anonymous> (/home/ubuntu/6666/node_modules/.pnpm/@trpc+server@11.6.0_typescript@5.9.3/node_modules/@trpc/server/src/unstable-core-do-not-import/http/resolveResponse.ts:347:31)\n    at async resolveResponse (/home/ubuntu/6666/node_modules/.pnpm/@trpc+server@11.6.0_typescript@5.9.3/node_modules/@trpc/server/src/unstable-core-do-not-import/http/resolveResponse.ts:375:31)\n    at async <anonymous> (/home/ubuntu/6666/node_modules/.pnpm/@trpc+server@11.6.0_typescript@5.9.3/node_modules/@trpc/server/src/adapters/node-http/nodeHTTPRequestHandler.ts:100:26)","path":"projects.stats"}}}
    ❌ create: {"json":{"message":"[\n  {\n    \"expected\": \"object\",\n    \"code\": \"invalid_type\",\n    \"path\": [],\n    \"message\": \"Invalid input: expected object, received undefined\"\n  }\n]","code":-32600,"data":{"code":"BAD_REQUEST","httpStatus":400,"stack":"TRPCError: [\n  {\n    \"expected\": \"object\",\n    \"code\": \"invalid_type\",\n    \"path\": [],\n    \"message\": \"Invalid input: expected object, received undefined\"\n  }\n]\n    at inputValidatorMiddleware (/home/ubuntu/6666/node_modules/.pnpm/@trpc+server@11.6.0_typescript@5.9.3/node_modules/@trpc/server/src/unstable-core-do-not-import/middleware.ts:191:15)\n    at process.processTicksAndRejections (node:internal/process/task_queues:105:5)\n    at async callRecursive (/home/ubuntu/6666/node_modules/.pnpm/@trpc+server@11.6.0_typescript@5.9.3/node_modules/@trpc/server/src/unstable-core-do-not-import/procedureBuilder.ts:633:20)\n    at async procedure (/home/ubuntu/6666/node_modules/.pnpm/@trpc+server@11.6.0_typescript@5.9.3/node_modules/@trpc/server/src/unstable-core-do-not-import/procedureBuilder.ts:673:20)\n    at async <anonymous> (/home/ubuntu/6666/node_modules/.pnpm/@trpc+server@11.6.0_typescript@5.9.3/node_modules/@trpc/server/src/unstable-core-do-not-import/http/resolveResponse.ts:347:31)\n    at async resolveResponse (/home/ubuntu/6666/node_modules/.pnpm/@trpc+server@11.6.0_typescript@5.9.3/node_modules/@trpc/server/src/unstable-core-do-not-import/http/resolveResponse.ts:375:31)\n    at async <anonymous> (/home/ubuntu/6666/node_modules/.pnpm/@trpc+server@11.6.0_typescript@5.9.3/node_modules/@trpc/server/src/adapters/node-http/nodeHTTPRequestHandler.ts:100:26)","path":"projects.create"}}}

SCADA:
  Tests: 9 | Passed: 0 | Failed: 9
  Success Rate: 0.0% | Avg Time: 2ms
  Failed Tests:
    ❌ dashboard: {"json":{"message":"[\n  {\n    \"expected\": \"object\",\n    \"code\": \"invalid_type\",\n    \"path\": [],\n    \"message\": \"Invalid input: expected object, received undefined\"\n  }\n]","code":-32600,"data":{"code":"BAD_REQUEST","httpStatus":400,"stack":"TRPCError: [\n  {\n    \"expected\": \"object\",\n    \"code\": \"invalid_type\",\n    \"path\": [],\n    \"message\": \"Invalid input: expected object, received undefined\"\n  }\n]\n    at inputValidatorMiddleware (/home/ubuntu/6666/node_modules/.pnpm/@trpc+server@11.6.0_typescript@5.9.3/node_modules/@trpc/server/src/unstable-core-do-not-import/middleware.ts:191:15)\n    at process.processTicksAndRejections (node:internal/process/task_queues:105:5)\n    at async callRecursive (/home/ubuntu/6666/node_modules/.pnpm/@trpc+server@11.6.0_typescript@5.9.3/node_modules/@trpc/server/src/unstable-core-do-not-import/procedureBuilder.ts:633:20)\n    at async procedure (/home/ubuntu/6666/node_modules/.pnpm/@trpc+server@11.6.0_typescript@5.9.3/node_modules/@trpc/server/src/unstable-core-do-not-import/procedureBuilder.ts:673:20)\n    at async <anonymous> (/home/ubuntu/6666/node_modules/.pnpm/@trpc+server@11.6.0_typescript@5.9.3/node_modules/@trpc/server/src/unstable-core-do-not-import/http/resolveResponse.ts:347:31)\n    at async resolveResponse (/home/ubuntu/6666/node_modules/.pnpm/@trpc+server@11.6.0_typescript@5.9.3/node_modules/@trpc/server/src/unstable-core-do-not-import/http/resolveResponse.ts:375:31)\n    at async <anonymous> (/home/ubuntu/6666/node_modules/.pnpm/@trpc+server@11.6.0_typescript@5.9.3/node_modules/@trpc/server/src/adapters/node-http/nodeHTTPRequestHandler.ts:100:26)","path":"scada.dashboard"}}}
    ❌ stats: {"json":{"message":"[\n  {\n    \"expected\": \"object\",\n    \"code\": \"invalid_type\",\n    \"path\": [],\n    \"message\": \"Invalid input: expected object, received undefined\"\n  }\n]","code":-32600,"data":{"code":"BAD_REQUEST","httpStatus":400,"stack":"TRPCError: [\n  {\n    \"expected\": \"object\",\n    \"code\": \"invalid_type\",\n    \"path\": [],\n    \"message\": \"Invalid input: expected object, received undefined\"\n  }\n]\n    at inputValidatorMiddleware (/home/ubuntu/6666/node_modules/.pnpm/@trpc+server@11.6.0_typescript@5.9.3/node_modules/@trpc/server/src/unstable-core-do-not-import/middleware.ts:191:15)\n    at process.processTicksAndRejections (node:internal/process/task_queues:105:5)\n    at async callRecursive (/home/ubuntu/6666/node_modules/.pnpm/@trpc+server@11.6.0_typescript@5.9.3/node_modules/@trpc/server/src/unstable-core-do-not-import/procedureBuilder.ts:633:20)\n    at async procedure (/home/ubuntu/6666/node_modules/.pnpm/@trpc+server@11.6.0_typescript@5.9.3/node_modules/@trpc/server/src/unstable-core-do-not-import/procedureBuilder.ts:673:20)\n    at async <anonymous> (/home/ubuntu/6666/node_modules/.pnpm/@trpc+server@11.6.0_typescript@5.9.3/node_modules/@trpc/server/src/unstable-core-do-not-import/http/resolveResponse.ts:347:31)\n    at async resolveResponse (/home/ubuntu/6666/node_modules/.pnpm/@trpc+server@11.6.0_typescript@5.9.3/node_modules/@trpc/server/src/unstable-core-do-not-import/http/resolveResponse.ts:375:31)\n    at async <anonymous> (/home/ubuntu/6666/node_modules/.pnpm/@trpc+server@11.6.0_typescript@5.9.3/node_modules/@trpc/server/src/adapters/node-http/nodeHTTPRequestHandler.ts:100:26)","path":"scada.stats"}}}
    ❌ equipment.list: {"json":{"message":"[\n  {\n    \"expected\": \"object\",\n    \"code\": \"invalid_type\",\n    \"path\": [],\n    \"message\": \"Invalid input: expected object, received undefined\"\n  }\n]","code":-32600,"data":{"code":"BAD_REQUEST","httpStatus":400,"stack":"TRPCError: [\n  {\n    \"expected\": \"object\",\n    \"code\": \"invalid_type\",\n    \"path\": [],\n    \"message\": \"Invalid input: expected object, received undefined\"\n  }\n]\n    at inputValidatorMiddleware (/home/ubuntu/6666/node_modules/.pnpm/@trpc+server@11.6.0_typescript@5.9.3/node_modules/@trpc/server/src/unstable-core-do-not-import/middleware.ts:191:15)\n    at process.processTicksAndRejections (node:internal/process/task_queues:105:5)\n    at async callRecursive (/home/ubuntu/6666/node_modules/.pnpm/@trpc+server@11.6.0_typescript@5.9.3/node_modules/@trpc/server/src/unstable-core-do-not-import/procedureBuilder.ts:633:20)\n    at async procedure (/home/ubuntu/6666/node_modules/.pnpm/@trpc+server@11.6.0_typescript@5.9.3/node_modules/@trpc/server/src/unstable-core-do-not-import/procedureBuilder.ts:673:20)\n    at async <anonymous> (/home/ubuntu/6666/node_modules/.pnpm/@trpc+server@11.6.0_typescript@5.9.3/node_modules/@trpc/server/src/unstable-core-do-not-import/http/resolveResponse.ts:347:31)\n    at async resolveResponse (/home/ubuntu/6666/node_modules/.pnpm/@trpc+server@11.6.0_typescript@5.9.3/node_modules/@trpc/server/src/unstable-core-do-not-import/http/resolveResponse.ts:375:31)\n    at async <anonymous> (/home/ubuntu/6666/node_modules/.pnpm/@trpc+server@11.6.0_typescript@5.9.3/node_modules/@trpc/server/src/adapters/node-http/nodeHTTPRequestHandler.ts:100:26)","path":"scada.equipment.list"}}}
    ❌ sensors.list: {"json":{"message":"[\n  {\n    \"expected\": \"object\",\n    \"code\": \"invalid_type\",\n    \"path\": [],\n    \"message\": \"Invalid input: expected object, received undefined\"\n  }\n]","code":-32600,"data":{"code":"BAD_REQUEST","httpStatus":400,"stack":"TRPCError: [\n  {\n    \"expected\": \"object\",\n    \"code\": \"invalid_type\",\n    \"path\": [],\n    \"message\": \"Invalid input: expected object, received undefined\"\n  }\n]\n    at inputValidatorMiddleware (/home/ubuntu/6666/node_modules/.pnpm/@trpc+server@11.6.0_typescript@5.9.3/node_modules/@trpc/server/src/unstable-core-do-not-import/middleware.ts:191:15)\n    at process.processTicksAndRejections (node:internal/process/task_queues:105:5)\n    at async callRecursive (/home/ubuntu/6666/node_modules/.pnpm/@trpc+server@11.6.0_typescript@5.9.3/node_modules/@trpc/server/src/unstable-core-do-not-import/procedureBuilder.ts:633:20)\n    at async procedure (/home/ubuntu/6666/node_modules/.pnpm/@trpc+server@11.6.0_typescript@5.9.3/node_modules/@trpc/server/src/unstable-core-do-not-import/procedureBuilder.ts:673:20)\n    at async <anonymous> (/home/ubuntu/6666/node_modules/.pnpm/@trpc+server@11.6.0_typescript@5.9.3/node_modules/@trpc/server/src/unstable-core-do-not-import/http/resolveResponse.ts:347:31)\n    at async resolveResponse (/home/ubuntu/6666/node_modules/.pnpm/@trpc+server@11.6.0_typescript@5.9.3/node_modules/@trpc/server/src/unstable-core-do-not-import/http/resolveResponse.ts:375:31)\n    at async <anonymous> (/home/ubuntu/6666/node_modules/.pnpm/@trpc+server@11.6.0_typescript@5.9.3/node_modules/@trpc/server/src/adapters/node-http/nodeHTTPRequestHandler.ts:100:26)","path":"scada.sensors.list"}}}
    ❌ alerts.list: {"json":{"message":"[\n  {\n    \"expected\": \"object\",\n    \"code\": \"invalid_type\",\n    \"path\": [],\n    \"message\": \"Invalid input: expected object, received undefined\"\n  }\n]","code":-32600,"data":{"code":"BAD_REQUEST","httpStatus":400,"stack":"TRPCError: [\n  {\n    \"expected\": \"object\",\n    \"code\": \"invalid_type\",\n    \"path\": [],\n    \"message\": \"Invalid input: expected object, received undefined\"\n  }\n]\n    at inputValidatorMiddleware (/home/ubuntu/6666/node_modules/.pnpm/@trpc+server@11.6.0_typescript@5.9.3/node_modules/@trpc/server/src/unstable-core-do-not-import/middleware.ts:191:15)\n    at process.processTicksAndRejections (node:internal/process/task_queues:105:5)\n    at async callRecursive (/home/ubuntu/6666/node_modules/.pnpm/@trpc+server@11.6.0_typescript@5.9.3/node_modules/@trpc/server/src/unstable-core-do-not-import/procedureBuilder.ts:633:20)\n    at async procedure (/home/ubuntu/6666/node_modules/.pnpm/@trpc+server@11.6.0_typescript@5.9.3/node_modules/@trpc/server/src/unstable-core-do-not-import/procedureBuilder.ts:673:20)\n    at async <anonymous> (/home/ubuntu/6666/node_modules/.pnpm/@trpc+server@11.6.0_typescript@5.9.3/node_modules/@trpc/server/src/unstable-core-do-not-import/http/resolveResponse.ts:347:31)\n    at async resolveResponse (/home/ubuntu/6666/node_modules/.pnpm/@trpc+server@11.6.0_typescript@5.9.3/node_modules/@trpc/server/src/unstable-core-do-not-import/http/resolveResponse.ts:375:31)\n    at async <anonymous> (/home/ubuntu/6666/node_modules/.pnpm/@trpc+server@11.6.0_typescript@5.9.3/node_modules/@trpc/server/src/adapters/node-http/nodeHTTPRequestHandler.ts:100:26)","path":"scada.alerts.list"}}}
    ❌ alerts.stats: {"json":{"message":"[\n  {\n    \"expected\": \"object\",\n    \"code\": \"invalid_type\",\n    \"path\": [],\n    \"message\": \"Invalid input: expected object, received undefined\"\n  }\n]","code":-32600,"data":{"code":"BAD_REQUEST","httpStatus":400,"stack":"TRPCError: [\n  {\n    \"expected\": \"object\",\n    \"code\": \"invalid_type\",\n    \"path\": [],\n    \"message\": \"Invalid input: expected object, received undefined\"\n  }\n]\n    at inputValidatorMiddleware (/home/ubuntu/6666/node_modules/.pnpm/@trpc+server@11.6.0_typescript@5.9.3/node_modules/@trpc/server/src/unstable-core-do-not-import/middleware.ts:191:15)\n    at process.processTicksAndRejections (node:internal/process/task_queues:105:5)\n    at async callRecursive (/home/ubuntu/6666/node_modules/.pnpm/@trpc+server@11.6.0_typescript@5.9.3/node_modules/@trpc/server/src/unstable-core-do-not-import/procedureBuilder.ts:633:20)\n    at async procedure (/home/ubuntu/6666/node_modules/.pnpm/@trpc+server@11.6.0_typescript@5.9.3/node_modules/@trpc/server/src/unstable-core-do-not-import/procedureBuilder.ts:673:20)\n    at async <anonymous> (/home/ubuntu/6666/node_modules/.pnpm/@trpc+server@11.6.0_typescript@5.9.3/node_modules/@trpc/server/src/unstable-core-do-not-import/http/resolveResponse.ts:347:31)\n    at async resolveResponse (/home/ubuntu/6666/node_modules/.pnpm/@trpc+server@11.6.0_typescript@5.9.3/node_modules/@trpc/server/src/unstable-core-do-not-import/http/resolveResponse.ts:375:31)\n    at async <anonymous> (/home/ubuntu/6666/node_modules/.pnpm/@trpc+server@11.6.0_typescript@5.9.3/node_modules/@trpc/server/src/adapters/node-http/nodeHTTPRequestHandler.ts:100:26)","path":"scada.alerts.stats"}}}
    ❌ equipment.create: {"json":{"message":"[\n  {\n    \"expected\": \"object\",\n    \"code\": \"invalid_type\",\n    \"path\": [],\n    \"message\": \"Invalid input: expected object, received undefined\"\n  }\n]","code":-32600,"data":{"code":"BAD_REQUEST","httpStatus":400,"stack":"TRPCError: [\n  {\n    \"expected\": \"object\",\n    \"code\": \"invalid_type\",\n    \"path\": [],\n    \"message\": \"Invalid input: expected object, received undefined\"\n  }\n]\n    at inputValidatorMiddleware (/home/ubuntu/6666/node_modules/.pnpm/@trpc+server@11.6.0_typescript@5.9.3/node_modules/@trpc/server/src/unstable-core-do-not-import/middleware.ts:191:15)\n    at process.processTicksAndRejections (node:internal/process/task_queues:105:5)\n    at async callRecursive (/home/ubuntu/6666/node_modules/.pnpm/@trpc+server@11.6.0_typescript@5.9.3/node_modules/@trpc/server/src/unstable-core-do-not-import/procedureBuilder.ts:633:20)\n    at async procedure (/home/ubuntu/6666/node_modules/.pnpm/@trpc+server@11.6.0_typescript@5.9.3/node_modules/@trpc/server/src/unstable-core-do-not-import/procedureBuilder.ts:673:20)\n    at async <anonymous> (/home/ubuntu/6666/node_modules/.pnpm/@trpc+server@11.6.0_typescript@5.9.3/node_modules/@trpc/server/src/unstable-core-do-not-import/http/resolveResponse.ts:347:31)\n    at async resolveResponse (/home/ubuntu/6666/node_modules/.pnpm/@trpc+server@11.6.0_typescript@5.9.3/node_modules/@trpc/server/src/unstable-core-do-not-import/http/resolveResponse.ts:375:31)\n    at async <anonymous> (/home/ubuntu/6666/node_modules/.pnpm/@trpc+server@11.6.0_typescript@5.9.3/node_modules/@trpc/server/src/adapters/node-http/nodeHTTPRequestHandler.ts:100:26)","path":"scada.equipment.create"}}}
    ❌ sensors.create: {"json":{"message":"[\n  {\n    \"expected\": \"object\",\n    \"code\": \"invalid_type\",\n    \"path\": [],\n    \"message\": \"Invalid input: expected object, received undefined\"\n  }\n]","code":-32600,"data":{"code":"BAD_REQUEST","httpStatus":400,"stack":"TRPCError: [\n  {\n    \"expected\": \"object\",\n    \"code\": \"invalid_type\",\n    \"path\": [],\n    \"message\": \"Invalid input: expected object, received undefined\"\n  }\n]\n    at inputValidatorMiddleware (/home/ubuntu/6666/node_modules/.pnpm/@trpc+server@11.6.0_typescript@5.9.3/node_modules/@trpc/server/src/unstable-core-do-not-import/middleware.ts:191:15)\n    at process.processTicksAndRejections (node:internal/process/task_queues:105:5)\n    at async callRecursive (/home/ubuntu/6666/node_modules/.pnpm/@trpc+server@11.6.0_typescript@5.9.3/node_modules/@trpc/server/src/unstable-core-do-not-import/procedureBuilder.ts:633:20)\n    at async procedure (/home/ubuntu/6666/node_modules/.pnpm/@trpc+server@11.6.0_typescript@5.9.3/node_modules/@trpc/server/src/unstable-core-do-not-import/procedureBuilder.ts:673:20)\n    at async <anonymous> (/home/ubuntu/6666/node_modules/.pnpm/@trpc+server@11.6.0_typescript@5.9.3/node_modules/@trpc/server/src/unstable-core-do-not-import/http/resolveResponse.ts:347:31)\n    at async resolveResponse (/home/ubuntu/6666/node_modules/.pnpm/@trpc+server@11.6.0_typescript@5.9.3/node_modules/@trpc/server/src/unstable-core-do-not-import/http/resolveResponse.ts:375:31)\n    at async <anonymous> (/home/ubuntu/6666/node_modules/.pnpm/@trpc+server@11.6.0_typescript@5.9.3/node_modules/@trpc/server/src/adapters/node-http/nodeHTTPRequestHandler.ts:100:26)","path":"scada.sensors.create"}}}
    ❌ alerts.create: {"json":{"message":"[\n  {\n    \"expected\": \"object\",\n    \"code\": \"invalid_type\",\n    \"path\": [],\n    \"message\": \"Invalid input: expected object, received undefined\"\n  }\n]","code":-32600,"data":{"code":"BAD_REQUEST","httpStatus":400,"stack":"TRPCError: [\n  {\n    \"expected\": \"object\",\n    \"code\": \"invalid_type\",\n    \"path\": [],\n    \"message\": \"Invalid input: expected object, received undefined\"\n  }\n]\n    at inputValidatorMiddleware (/home/ubuntu/6666/node_modules/.pnpm/@trpc+server@11.6.0_typescript@5.9.3/node_modules/@trpc/server/src/unstable-core-do-not-import/middleware.ts:191:15)\n    at process.processTicksAndRejections (node:internal/process/task_queues:105:5)\n    at async callRecursive (/home/ubuntu/6666/node_modules/.pnpm/@trpc+server@11.6.0_typescript@5.9.3/node_modules/@trpc/server/src/unstable-core-do-not-import/procedureBuilder.ts:633:20)\n    at async procedure (/home/ubuntu/6666/node_modules/.pnpm/@trpc+server@11.6.0_typescript@5.9.3/node_modules/@trpc/server/src/unstable-core-do-not-import/procedureBuilder.ts:673:20)\n    at async <anonymous> (/home/ubuntu/6666/node_modules/.pnpm/@trpc+server@11.6.0_typescript@5.9.3/node_modules/@trpc/server/src/unstable-core-do-not-import/http/resolveResponse.ts:347:31)\n    at async resolveResponse (/home/ubuntu/6666/node_modules/.pnpm/@trpc+server@11.6.0_typescript@5.9.3/node_modules/@trpc/server/src/unstable-core-do-not-import/http/resolveResponse.ts:375:31)\n    at async <anonymous> (/home/ubuntu/6666/node_modules/.pnpm/@trpc+server@11.6.0_typescript@5.9.3/node_modules/@trpc/server/src/adapters/node-http/nodeHTTPRequestHandler.ts:100:26)","path":"scada.alerts.create"}}}

================================================================================
📋 DETAILED RESULTS / النتائج التفصيلية
================================================================================

1. ❌ [assets] list (GET)
   Status: FAIL | Time: 49ms
   Message: {"json":{"message":"Please login (10001)","code":-32001,"data":{"code":"UNAUTHORIZED","httpStatus":401,"stack":"TRPCError: Please login (10001)\n    at <anonymous> (/home/ubuntu/6666/server/_core/trpc.ts:17:11)\n    at callRecursive (/home/ubuntu/6666/node_modules/.pnpm/@trpc+server@11.6.0_typescript@5.9.3/node_modules/@trpc/server/src/unstable-core-do-not-import/procedureBuilder.ts:633:26)\n    at procedure (/home/ubuntu/6666/node_modules/.pnpm/@trpc+server@11.6.0_typescript@5.9.3/node_modules/@trpc/server/src/unstable-core-do-not-import/procedureBuilder.ts:673:26)\n    at <anonymous> (/home/ubuntu/6666/node_modules/.pnpm/@trpc+server@11.6.0_typescript@5.9.3/node_modules/@trpc/server/src/unstable-core-do-not-import/http/resolveResponse.ts:347:37)\n    at Array.map (<anonymous>)\n    at resolveResponse (/home/ubuntu/6666/node_modules/.pnpm/@trpc+server@11.6.0_typescript@5.9.3/node_modules/@trpc/server/src/unstable-core-do-not-import/http/resolveResponse.ts:317:33)\n    at process.processTicksAndRejections (node:internal/process/task_queues:105:5)\n    at async <anonymous> (/home/ubuntu/6666/node_modules/.pnpm/@trpc+server@11.6.0_typescript@5.9.3/node_modules/@trpc/server/src/adapters/node-http/nodeHTTPRequestHandler.ts:100:26)","path":"assets.list"}}}

2. ❌ [assets] categories (GET)
   Status: FAIL | Time: 5ms
   Message: {"json":{"message":"No procedure found on path \"assets.categories\"","code":-32004,"data":{"code":"NOT_FOUND","httpStatus":404,"stack":"TRPCError: No procedure found on path \"assets.categories\"\n    at <anonymous> (/home/ubuntu/6666/node_modules/.pnpm/@trpc+server@11.6.0_typescript@5.9.3/node_modules/@trpc/server/src/unstable-core-do-not-import/http/resolveResponse.ts:325:17)\n    at Array.map (<anonymous>)\n    at resolveResponse (/home/ubuntu/6666/node_modules/.pnpm/@trpc+server@11.6.0_typescript@5.9.3/node_modules/@trpc/server/src/unstable-core-do-not-import/http/resolveResponse.ts:317:33)\n    at process.processTicksAndRejections (node:internal/process/task_queues:105:5)\n    at async <anonymous> (/home/ubuntu/6666/node_modules/.pnpm/@trpc+server@11.6.0_typescript@5.9.3/node_modules/@trpc/server/src/adapters/node-http/nodeHTTPRequestHandler.ts:100:26)","path":"assets.categories"}}}

3. ❌ [assets] stats (GET)
   Status: FAIL | Time: 3ms
   Message: {"json":{"message":"No procedure found on path \"assets.stats\"","code":-32004,"data":{"code":"NOT_FOUND","httpStatus":404,"stack":"TRPCError: No procedure found on path \"assets.stats\"\n    at <anonymous> (/home/ubuntu/6666/node_modules/.pnpm/@trpc+server@11.6.0_typescript@5.9.3/node_modules/@trpc/server/src/unstable-core-do-not-import/http/resolveResponse.ts:325:17)\n    at Array.map (<anonymous>)\n    at resolveResponse (/home/ubuntu/6666/node_modules/.pnpm/@trpc+server@11.6.0_typescript@5.9.3/node_modules/@trpc/server/src/unstable-core-do-not-import/http/resolveResponse.ts:317:33)\n    at process.processTicksAndRejections (node:internal/process/task_queues:105:5)\n    at async <anonymous> (/home/ubuntu/6666/node_modules/.pnpm/@trpc+server@11.6.0_typescript@5.9.3/node_modules/@trpc/server/src/adapters/node-http/nodeHTTPRequestHandler.ts:100:26)","path":"assets.stats"}}}

4. ❌ [assets] create (POST)
   Status: FAIL | Time: 7ms
   Message: {"json":{"message":"Please login (10001)","code":-32001,"data":{"code":"UNAUTHORIZED","httpStatus":401,"stack":"TRPCError: Please login (10001)\n    at <anonymous> (/home/ubuntu/6666/server/_core/trpc.ts:17:11)\n    at callRecursive (/home/ubuntu/6666/node_modules/.pnpm/@trpc+server@11.6.0_typescript@5.9.3/node_modules/@trpc/server/src/unstable-core-do-not-import/procedureBuilder.ts:633:26)\n    at procedure (/home/ubuntu/6666/node_modules/.pnpm/@trpc+server@11.6.0_typescript@5.9.3/node_modules/@trpc/server/src/unstable-core-do-not-import/procedureBuilder.ts:673:26)\n    at <anonymous> (/home/ubuntu/6666/node_modules/.pnpm/@trpc+server@11.6.0_typescript@5.9.3/node_modules/@trpc/server/src/unstable-core-do-not-import/http/resolveResponse.ts:347:37)\n    at Array.map (<anonymous>)\n    at resolveResponse (/home/ubuntu/6666/node_modules/.pnpm/@trpc+server@11.6.0_typescript@5.9.3/node_modules/@trpc/server/src/unstable-core-do-not-import/http/resolveResponse.ts:317:33)\n    at process.processTicksAndRejections (node:internal/process/task_queues:105:5)\n    at async <anonymous> (/home/ubuntu/6666/node_modules/.pnpm/@trpc+server@11.6.0_typescript@5.9.3/node_modules/@trpc/server/src/adapters/node-http/nodeHTTPRequestHandler.ts:100:26)","path":"assets.create"}}}

5. ❌ [accounting] accounts.list (GET)
   Status: FAIL | Time: 3ms
   Message: {"json":{"message":"Please login (10001)","code":-32001,"data":{"code":"UNAUTHORIZED","httpStatus":401,"stack":"TRPCError: Please login (10001)\n    at <anonymous> (/home/ubuntu/6666/server/_core/trpc.ts:17:11)\n    at callRecursive (/home/ubuntu/6666/node_modules/.pnpm/@trpc+server@11.6.0_typescript@5.9.3/node_modules/@trpc/server/src/unstable-core-do-not-import/procedureBuilder.ts:633:26)\n    at procedure (/home/ubuntu/6666/node_modules/.pnpm/@trpc+server@11.6.0_typescript@5.9.3/node_modules/@trpc/server/src/unstable-core-do-not-import/procedureBuilder.ts:673:26)\n    at <anonymous> (/home/ubuntu/6666/node_modules/.pnpm/@trpc+server@11.6.0_typescript@5.9.3/node_modules/@trpc/server/src/unstable-core-do-not-import/http/resolveResponse.ts:347:37)\n    at Array.map (<anonymous>)\n    at resolveResponse (/home/ubuntu/6666/node_modules/.pnpm/@trpc+server@11.6.0_typescript@5.9.3/node_modules/@trpc/server/src/unstable-core-do-not-import/http/resolveResponse.ts:317:33)\n    at process.processTicksAndRejections (node:internal/process/task_queues:105:5)\n    at async <anonymous> (/home/ubuntu/6666/node_modules/.pnpm/@trpc+server@11.6.0_typescript@5.9.3/node_modules/@trpc/server/src/adapters/node-http/nodeHTTPRequestHandler.ts:100:26)","path":"accounting.accounts.list"}}}

6. ❌ [accounting] chartOfAccounts (GET)
   Status: FAIL | Time: 2ms
   Message: {"json":{"message":"No procedure found on path \"accounting.chartOfAccounts\"","code":-32004,"data":{"code":"NOT_FOUND","httpStatus":404,"stack":"TRPCError: No procedure found on path \"accounting.chartOfAccounts\"\n    at <anonymous> (/home/ubuntu/6666/node_modules/.pnpm/@trpc+server@11.6.0_typescript@5.9.3/node_modules/@trpc/server/src/unstable-core-do-not-import/http/resolveResponse.ts:325:17)\n    at Array.map (<anonymous>)\n    at resolveResponse (/home/ubuntu/6666/node_modules/.pnpm/@trpc+server@11.6.0_typescript@5.9.3/node_modules/@trpc/server/src/unstable-core-do-not-import/http/resolveResponse.ts:317:33)\n    at process.processTicksAndRejections (node:internal/process/task_queues:105:5)\n    at async <anonymous> (/home/ubuntu/6666/node_modules/.pnpm/@trpc+server@11.6.0_typescript@5.9.3/node_modules/@trpc/server/src/adapters/node-http/nodeHTTPRequestHandler.ts:100:26)","path":"accounting.chartOfAccounts"}}}

7. ❌ [accounting] journalEntries.list (GET)
   Status: FAIL | Time: 2ms
   Message: {"json":{"message":"Please login (10001)","code":-32001,"data":{"code":"UNAUTHORIZED","httpStatus":401,"stack":"TRPCError: Please login (10001)\n    at <anonymous> (/home/ubuntu/6666/server/_core/trpc.ts:17:11)\n    at callRecursive (/home/ubuntu/6666/node_modules/.pnpm/@trpc+server@11.6.0_typescript@5.9.3/node_modules/@trpc/server/src/unstable-core-do-not-import/procedureBuilder.ts:633:26)\n    at procedure (/home/ubuntu/6666/node_modules/.pnpm/@trpc+server@11.6.0_typescript@5.9.3/node_modules/@trpc/server/src/unstable-core-do-not-import/procedureBuilder.ts:673:26)\n    at <anonymous> (/home/ubuntu/6666/node_modules/.pnpm/@trpc+server@11.6.0_typescript@5.9.3/node_modules/@trpc/server/src/unstable-core-do-not-import/http/resolveResponse.ts:347:37)\n    at Array.map (<anonymous>)\n    at resolveResponse (/home/ubuntu/6666/node_modules/.pnpm/@trpc+server@11.6.0_typescript@5.9.3/node_modules/@trpc/server/src/unstable-core-do-not-import/http/resolveResponse.ts:317:33)\n    at process.processTicksAndRejections (node:internal/process/task_queues:105:5)\n    at async <anonymous> (/home/ubuntu/6666/node_modules/.pnpm/@trpc+server@11.6.0_typescript@5.9.3/node_modules/@trpc/server/src/adapters/node-http/nodeHTTPRequestHandler.ts:100:26)","path":"accounting.journalEntries.list"}}}

8. ❌ [accounting] trialBalance (GET)
   Status: FAIL | Time: 3ms
   Message: {"json":{"message":"No procedure found on path \"accounting.trialBalance\"","code":-32004,"data":{"code":"NOT_FOUND","httpStatus":404,"stack":"TRPCError: No procedure found on path \"accounting.trialBalance\"\n    at <anonymous> (/home/ubuntu/6666/node_modules/.pnpm/@trpc+server@11.6.0_typescript@5.9.3/node_modules/@trpc/server/src/unstable-core-do-not-import/http/resolveResponse.ts:325:17)\n    at Array.map (<anonymous>)\n    at resolveResponse (/home/ubuntu/6666/node_modules/.pnpm/@trpc+server@11.6.0_typescript@5.9.3/node_modules/@trpc/server/src/unstable-core-do-not-import/http/resolveResponse.ts:317:33)\n    at process.processTicksAndRejections (node:internal/process/task_queues:105:5)\n    at async <anonymous> (/home/ubuntu/6666/node_modules/.pnpm/@trpc+server@11.6.0_typescript@5.9.3/node_modules/@trpc/server/src/adapters/node-http/nodeHTTPRequestHandler.ts:100:26)","path":"accounting.trialBalance"}}}

9. ❌ [accounting] stats (GET)
   Status: FAIL | Time: 3ms
   Message: {"json":{"message":"No procedure found on path \"accounting.stats\"","code":-32004,"data":{"code":"NOT_FOUND","httpStatus":404,"stack":"TRPCError: No procedure found on path \"accounting.stats\"\n    at <anonymous> (/home/ubuntu/6666/node_modules/.pnpm/@trpc+server@11.6.0_typescript@5.9.3/node_modules/@trpc/server/src/unstable-core-do-not-import/http/resolveResponse.ts:325:17)\n    at Array.map (<anonymous>)\n    at resolveResponse (/home/ubuntu/6666/node_modules/.pnpm/@trpc+server@11.6.0_typescript@5.9.3/node_modules/@trpc/server/src/unstable-core-do-not-import/http/resolveResponse.ts:317:33)\n    at process.processTicksAndRejections (node:internal/process/task_queues:105:5)\n    at async <anonymous> (/home/ubuntu/6666/node_modules/.pnpm/@trpc+server@11.6.0_typescript@5.9.3/node_modules/@trpc/server/src/adapters/node-http/nodeHTTPRequestHandler.ts:100:26)","path":"accounting.stats"}}}

10. ❌ [accounting] accounts.create (POST)
   Status: FAIL | Time: 3ms
   Message: {"json":{"message":"Please login (10001)","code":-32001,"data":{"code":"UNAUTHORIZED","httpStatus":401,"stack":"TRPCError: Please login (10001)\n    at <anonymous> (/home/ubuntu/6666/server/_core/trpc.ts:17:11)\n    at callRecursive (/home/ubuntu/6666/node_modules/.pnpm/@trpc+server@11.6.0_typescript@5.9.3/node_modules/@trpc/server/src/unstable-core-do-not-import/procedureBuilder.ts:633:26)\n    at procedure (/home/ubuntu/6666/node_modules/.pnpm/@trpc+server@11.6.0_typescript@5.9.3/node_modules/@trpc/server/src/unstable-core-do-not-import/procedureBuilder.ts:673:26)\n    at <anonymous> (/home/ubuntu/6666/node_modules/.pnpm/@trpc+server@11.6.0_typescript@5.9.3/node_modules/@trpc/server/src/unstable-core-do-not-import/http/resolveResponse.ts:347:37)\n    at Array.map (<anonymous>)\n    at resolveResponse (/home/ubuntu/6666/node_modules/.pnpm/@trpc+server@11.6.0_typescript@5.9.3/node_modules/@trpc/server/src/unstable-core-do-not-import/http/resolveResponse.ts:317:33)\n    at process.processTicksAndRejections (node:internal/process/task_queues:105:5)\n    at async <anonymous> (/home/ubuntu/6666/node_modules/.pnpm/@trpc+server@11.6.0_typescript@5.9.3/node_modules/@trpc/server/src/adapters/node-http/nodeHTTPRequestHandler.ts:100:26)","path":"accounting.accounts.create"}}}

11. ❌ [inventory] items.list (GET)
   Status: FAIL | Time: 2ms
   Message: {"json":{"message":"Please login (10001)","code":-32001,"data":{"code":"UNAUTHORIZED","httpStatus":401,"stack":"TRPCError: Please login (10001)\n    at <anonymous> (/home/ubuntu/6666/server/_core/trpc.ts:17:11)\n    at callRecursive (/home/ubuntu/6666/node_modules/.pnpm/@trpc+server@11.6.0_typescript@5.9.3/node_modules/@trpc/server/src/unstable-core-do-not-import/procedureBuilder.ts:633:26)\n    at procedure (/home/ubuntu/6666/node_modules/.pnpm/@trpc+server@11.6.0_typescript@5.9.3/node_modules/@trpc/server/src/unstable-core-do-not-import/procedureBuilder.ts:673:26)\n    at <anonymous> (/home/ubuntu/6666/node_modules/.pnpm/@trpc+server@11.6.0_typescript@5.9.3/node_modules/@trpc/server/src/unstable-core-do-not-import/http/resolveResponse.ts:347:37)\n    at Array.map (<anonymous>)\n    at resolveResponse (/home/ubuntu/6666/node_modules/.pnpm/@trpc+server@11.6.0_typescript@5.9.3/node_modules/@trpc/server/src/unstable-core-do-not-import/http/resolveResponse.ts:317:33)\n    at process.processTicksAndRejections (node:internal/process/task_queues:105:5)\n    at async <anonymous> (/home/ubuntu/6666/node_modules/.pnpm/@trpc+server@11.6.0_typescript@5.9.3/node_modules/@trpc/server/src/adapters/node-http/nodeHTTPRequestHandler.ts:100:26)","path":"inventory.items.list"}}}

12. ❌ [inventory] warehouses.list (GET)
   Status: FAIL | Time: 2ms
   Message: {"json":{"message":"Please login (10001)","code":-32001,"data":{"code":"UNAUTHORIZED","httpStatus":401,"stack":"TRPCError: Please login (10001)\n    at <anonymous> (/home/ubuntu/6666/server/_core/trpc.ts:17:11)\n    at callRecursive (/home/ubuntu/6666/node_modules/.pnpm/@trpc+server@11.6.0_typescript@5.9.3/node_modules/@trpc/server/src/unstable-core-do-not-import/procedureBuilder.ts:633:26)\n    at procedure (/home/ubuntu/6666/node_modules/.pnpm/@trpc+server@11.6.0_typescript@5.9.3/node_modules/@trpc/server/src/unstable-core-do-not-import/procedureBuilder.ts:673:26)\n    at <anonymous> (/home/ubuntu/6666/node_modules/.pnpm/@trpc+server@11.6.0_typescript@5.9.3/node_modules/@trpc/server/src/unstable-core-do-not-import/http/resolveResponse.ts:347:37)\n    at Array.map (<anonymous>)\n    at resolveResponse (/home/ubuntu/6666/node_modules/.pnpm/@trpc+server@11.6.0_typescript@5.9.3/node_modules/@trpc/server/src/unstable-core-do-not-import/http/resolveResponse.ts:317:33)\n    at process.processTicksAndRejections (node:internal/process/task_queues:105:5)\n    at async <anonymous> (/home/ubuntu/6666/node_modules/.pnpm/@trpc+server@11.6.0_typescript@5.9.3/node_modules/@trpc/server/src/adapters/node-http/nodeHTTPRequestHandler.ts:100:26)","path":"inventory.warehouses.list"}}}

13. ❌ [inventory] stats (GET)
   Status: FAIL | Time: 1ms
   Message: {"json":{"message":"No procedure found on path \"inventory.stats\"","code":-32004,"data":{"code":"NOT_FOUND","httpStatus":404,"stack":"TRPCError: No procedure found on path \"inventory.stats\"\n    at <anonymous> (/home/ubuntu/6666/node_modules/.pnpm/@trpc+server@11.6.0_typescript@5.9.3/node_modules/@trpc/server/src/unstable-core-do-not-import/http/resolveResponse.ts:325:17)\n    at Array.map (<anonymous>)\n    at resolveResponse (/home/ubuntu/6666/node_modules/.pnpm/@trpc+server@11.6.0_typescript@5.9.3/node_modules/@trpc/server/src/unstable-core-do-not-import/http/resolveResponse.ts:317:33)\n    at process.processTicksAndRejections (node:internal/process/task_queues:105:5)\n    at async <anonymous> (/home/ubuntu/6666/node_modules/.pnpm/@trpc+server@11.6.0_typescript@5.9.3/node_modules/@trpc/server/src/adapters/node-http/nodeHTTPRequestHandler.ts:100:26)","path":"inventory.stats"}}}

14. ❌ [inventory] items.create (POST)
   Status: FAIL | Time: 2ms
   Message: {"json":{"message":"Please login (10001)","code":-32001,"data":{"code":"UNAUTHORIZED","httpStatus":401,"stack":"TRPCError: Please login (10001)\n    at <anonymous> (/home/ubuntu/6666/server/_core/trpc.ts:17:11)\n    at callRecursive (/home/ubuntu/6666/node_modules/.pnpm/@trpc+server@11.6.0_typescript@5.9.3/node_modules/@trpc/server/src/unstable-core-do-not-import/procedureBuilder.ts:633:26)\n    at procedure (/home/ubuntu/6666/node_modules/.pnpm/@trpc+server@11.6.0_typescript@5.9.3/node_modules/@trpc/server/src/unstable-core-do-not-import/procedureBuilder.ts:673:26)\n    at <anonymous> (/home/ubuntu/6666/node_modules/.pnpm/@trpc+server@11.6.0_typescript@5.9.3/node_modules/@trpc/server/src/unstable-core-do-not-import/http/resolveResponse.ts:347:37)\n    at Array.map (<anonymous>)\n    at resolveResponse (/home/ubuntu/6666/node_modules/.pnpm/@trpc+server@11.6.0_typescript@5.9.3/node_modules/@trpc/server/src/unstable-core-do-not-import/http/resolveResponse.ts:317:33)\n    at process.processTicksAndRejections (node:internal/process/task_queues:105:5)\n    at async <anonymous> (/home/ubuntu/6666/node_modules/.pnpm/@trpc+server@11.6.0_typescript@5.9.3/node_modules/@trpc/server/src/adapters/node-http/nodeHTTPRequestHandler.ts:100:26)","path":"inventory.items.create"}}}

15. ❌ [inventory] warehouses.create (POST)
   Status: FAIL | Time: 3ms
   Message: {"json":{"message":"Please login (10001)","code":-32001,"data":{"code":"UNAUTHORIZED","httpStatus":401,"stack":"TRPCError: Please login (10001)\n    at <anonymous> (/home/ubuntu/6666/server/_core/trpc.ts:17:11)\n    at callRecursive (/home/ubuntu/6666/node_modules/.pnpm/@trpc+server@11.6.0_typescript@5.9.3/node_modules/@trpc/server/src/unstable-core-do-not-import/procedureBuilder.ts:633:26)\n    at procedure (/home/ubuntu/6666/node_modules/.pnpm/@trpc+server@11.6.0_typescript@5.9.3/node_modules/@trpc/server/src/unstable-core-do-not-import/procedureBuilder.ts:673:26)\n    at <anonymous> (/home/ubuntu/6666/node_modules/.pnpm/@trpc+server@11.6.0_typescript@5.9.3/node_modules/@trpc/server/src/unstable-core-do-not-import/http/resolveResponse.ts:347:37)\n    at Array.map (<anonymous>)\n    at resolveResponse (/home/ubuntu/6666/node_modules/.pnpm/@trpc+server@11.6.0_typescript@5.9.3/node_modules/@trpc/server/src/unstable-core-do-not-import/http/resolveResponse.ts:317:33)\n    at process.processTicksAndRejections (node:internal/process/task_queues:105:5)\n    at async <anonymous> (/home/ubuntu/6666/node_modules/.pnpm/@trpc+server@11.6.0_typescript@5.9.3/node_modules/@trpc/server/src/adapters/node-http/nodeHTTPRequestHandler.ts:100:26)","path":"inventory.warehouses.create"}}}

16. ❌ [maintenance] workOrders.list (GET)
   Status: FAIL | Time: 2ms
   Message: {"json":{"message":"Please login (10001)","code":-32001,"data":{"code":"UNAUTHORIZED","httpStatus":401,"stack":"TRPCError: Please login (10001)\n    at <anonymous> (/home/ubuntu/6666/server/_core/trpc.ts:17:11)\n    at callRecursive (/home/ubuntu/6666/node_modules/.pnpm/@trpc+server@11.6.0_typescript@5.9.3/node_modules/@trpc/server/src/unstable-core-do-not-import/procedureBuilder.ts:633:26)\n    at procedure (/home/ubuntu/6666/node_modules/.pnpm/@trpc+server@11.6.0_typescript@5.9.3/node_modules/@trpc/server/src/unstable-core-do-not-import/procedureBuilder.ts:673:26)\n    at <anonymous> (/home/ubuntu/6666/node_modules/.pnpm/@trpc+server@11.6.0_typescript@5.9.3/node_modules/@trpc/server/src/unstable-core-do-not-import/http/resolveResponse.ts:347:37)\n    at Array.map (<anonymous>)\n    at resolveResponse (/home/ubuntu/6666/node_modules/.pnpm/@trpc+server@11.6.0_typescript@5.9.3/node_modules/@trpc/server/src/unstable-core-do-not-import/http/resolveResponse.ts:317:33)\n    at process.processTicksAndRejections (node:internal/process/task_queues:105:5)\n    at async <anonymous> (/home/ubuntu/6666/node_modules/.pnpm/@trpc+server@11.6.0_typescript@5.9.3/node_modules/@trpc/server/src/adapters/node-http/nodeHTTPRequestHandler.ts:100:26)","path":"maintenance.workOrders.list"}}}

17. ❌ [maintenance] plans.list (GET)
   Status: FAIL | Time: 3ms
   Message: {"json":{"message":"Please login (10001)","code":-32001,"data":{"code":"UNAUTHORIZED","httpStatus":401,"stack":"TRPCError: Please login (10001)\n    at <anonymous> (/home/ubuntu/6666/server/_core/trpc.ts:17:11)\n    at callRecursive (/home/ubuntu/6666/node_modules/.pnpm/@trpc+server@11.6.0_typescript@5.9.3/node_modules/@trpc/server/src/unstable-core-do-not-import/procedureBuilder.ts:633:26)\n    at procedure (/home/ubuntu/6666/node_modules/.pnpm/@trpc+server@11.6.0_typescript@5.9.3/node_modules/@trpc/server/src/unstable-core-do-not-import/procedureBuilder.ts:673:26)\n    at <anonymous> (/home/ubuntu/6666/node_modules/.pnpm/@trpc+server@11.6.0_typescript@5.9.3/node_modules/@trpc/server/src/unstable-core-do-not-import/http/resolveResponse.ts:347:37)\n    at Array.map (<anonymous>)\n    at resolveResponse (/home/ubuntu/6666/node_modules/.pnpm/@trpc+server@11.6.0_typescript@5.9.3/node_modules/@trpc/server/src/unstable-core-do-not-import/http/resolveResponse.ts:317:33)\n    at process.processTicksAndRejections (node:internal/process/task_queues:105:5)\n    at async <anonymous> (/home/ubuntu/6666/node_modules/.pnpm/@trpc+server@11.6.0_typescript@5.9.3/node_modules/@trpc/server/src/adapters/node-http/nodeHTTPRequestHandler.ts:100:26)","path":"maintenance.plans.list"}}}

18. ❌ [maintenance] technicians.list (GET)
   Status: FAIL | Time: 2ms
   Message: {"json":{"message":"Please login (10001)","code":-32001,"data":{"code":"UNAUTHORIZED","httpStatus":401,"stack":"TRPCError: Please login (10001)\n    at <anonymous> (/home/ubuntu/6666/server/_core/trpc.ts:17:11)\n    at callRecursive (/home/ubuntu/6666/node_modules/.pnpm/@trpc+server@11.6.0_typescript@5.9.3/node_modules/@trpc/server/src/unstable-core-do-not-import/procedureBuilder.ts:633:26)\n    at procedure (/home/ubuntu/6666/node_modules/.pnpm/@trpc+server@11.6.0_typescript@5.9.3/node_modules/@trpc/server/src/unstable-core-do-not-import/procedureBuilder.ts:673:26)\n    at <anonymous> (/home/ubuntu/6666/node_modules/.pnpm/@trpc+server@11.6.0_typescript@5.9.3/node_modules/@trpc/server/src/unstable-core-do-not-import/http/resolveResponse.ts:347:37)\n    at Array.map (<anonymous>)\n    at resolveResponse (/home/ubuntu/6666/node_modules/.pnpm/@trpc+server@11.6.0_typescript@5.9.3/node_modules/@trpc/server/src/unstable-core-do-not-import/http/resolveResponse.ts:317:33)\n    at process.processTicksAndRejections (node:internal/process/task_queues:105:5)\n    at async <anonymous> (/home/ubuntu/6666/node_modules/.pnpm/@trpc+server@11.6.0_typescript@5.9.3/node_modules/@trpc/server/src/adapters/node-http/nodeHTTPRequestHandler.ts:100:26)","path":"maintenance.technicians.list"}}}

19. ❌ [maintenance] stats (GET)
   Status: FAIL | Time: 2ms
   Message: {"json":{"message":"No procedure found on path \"maintenance.stats\"","code":-32004,"data":{"code":"NOT_FOUND","httpStatus":404,"stack":"TRPCError: No procedure found on path \"maintenance.stats\"\n    at <anonymous> (/home/ubuntu/6666/node_modules/.pnpm/@trpc+server@11.6.0_typescript@5.9.3/node_modules/@trpc/server/src/unstable-core-do-not-import/http/resolveResponse.ts:325:17)\n    at Array.map (<anonymous>)\n    at resolveResponse (/home/ubuntu/6666/node_modules/.pnpm/@trpc+server@11.6.0_typescript@5.9.3/node_modules/@trpc/server/src/unstable-core-do-not-import/http/resolveResponse.ts:317:33)\n    at process.processTicksAndRejections (node:internal/process/task_queues:105:5)\n    at async <anonymous> (/home/ubuntu/6666/node_modules/.pnpm/@trpc+server@11.6.0_typescript@5.9.3/node_modules/@trpc/server/src/adapters/node-http/nodeHTTPRequestHandler.ts:100:26)","path":"maintenance.stats"}}}

20. ❌ [maintenance] workOrders.create (POST)
   Status: FAIL | Time: 3ms
   Message: {"json":{"message":"Please login (10001)","code":-32001,"data":{"code":"UNAUTHORIZED","httpStatus":401,"stack":"TRPCError: Please login (10001)\n    at <anonymous> (/home/ubuntu/6666/server/_core/trpc.ts:17:11)\n    at callRecursive (/home/ubuntu/6666/node_modules/.pnpm/@trpc+server@11.6.0_typescript@5.9.3/node_modules/@trpc/server/src/unstable-core-do-not-import/procedureBuilder.ts:633:26)\n    at procedure (/home/ubuntu/6666/node_modules/.pnpm/@trpc+server@11.6.0_typescript@5.9.3/node_modules/@trpc/server/src/unstable-core-do-not-import/procedureBuilder.ts:673:26)\n    at <anonymous> (/home/ubuntu/6666/node_modules/.pnpm/@trpc+server@11.6.0_typescript@5.9.3/node_modules/@trpc/server/src/unstable-core-do-not-import/http/resolveResponse.ts:347:37)\n    at Array.map (<anonymous>)\n    at resolveResponse (/home/ubuntu/6666/node_modules/.pnpm/@trpc+server@11.6.0_typescript@5.9.3/node_modules/@trpc/server/src/unstable-core-do-not-import/http/resolveResponse.ts:317:33)\n    at process.processTicksAndRejections (node:internal/process/task_queues:105:5)\n    at async <anonymous> (/home/ubuntu/6666/node_modules/.pnpm/@trpc+server@11.6.0_typescript@5.9.3/node_modules/@trpc/server/src/adapters/node-http/nodeHTTPRequestHandler.ts:100:26)","path":"maintenance.workOrders.create"}}}

21. ❌ [projects] list (GET)
   Status: FAIL | Time: 3ms
   Message: {"json":{"message":"[\n  {\n    \"expected\": \"object\",\n    \"code\": \"invalid_type\",\n    \"path\": [],\n    \"message\": \"Invalid input: expected object, received undefined\"\n  }\n]","code":-32600,"data":{"code":"BAD_REQUEST","httpStatus":400,"stack":"TRPCError: [\n  {\n    \"expected\": \"object\",\n    \"code\": \"invalid_type\",\n    \"path\": [],\n    \"message\": \"Invalid input: expected object, received undefined\"\n  }\n]\n    at inputValidatorMiddleware (/home/ubuntu/6666/node_modules/.pnpm/@trpc+server@11.6.0_typescript@5.9.3/node_modules/@trpc/server/src/unstable-core-do-not-import/middleware.ts:191:15)\n    at process.processTicksAndRejections (node:internal/process/task_queues:105:5)\n    at async callRecursive (/home/ubuntu/6666/node_modules/.pnpm/@trpc+server@11.6.0_typescript@5.9.3/node_modules/@trpc/server/src/unstable-core-do-not-import/procedureBuilder.ts:633:20)\n    at async procedure (/home/ubuntu/6666/node_modules/.pnpm/@trpc+server@11.6.0_typescript@5.9.3/node_modules/@trpc/server/src/unstable-core-do-not-import/procedureBuilder.ts:673:20)\n    at async <anonymous> (/home/ubuntu/6666/node_modules/.pnpm/@trpc+server@11.6.0_typescript@5.9.3/node_modules/@trpc/server/src/unstable-core-do-not-import/http/resolveResponse.ts:347:31)\n    at async resolveResponse (/home/ubuntu/6666/node_modules/.pnpm/@trpc+server@11.6.0_typescript@5.9.3/node_modules/@trpc/server/src/unstable-core-do-not-import/http/resolveResponse.ts:375:31)\n    at async <anonymous> (/home/ubuntu/6666/node_modules/.pnpm/@trpc+server@11.6.0_typescript@5.9.3/node_modules/@trpc/server/src/adapters/node-http/nodeHTTPRequestHandler.ts:100:26)","path":"projects.list"}}}

22. ❌ [projects] stats (GET)
   Status: FAIL | Time: 2ms
   Message: {"json":{"message":"[\n  {\n    \"expected\": \"object\",\n    \"code\": \"invalid_type\",\n    \"path\": [],\n    \"message\": \"Invalid input: expected object, received undefined\"\n  }\n]","code":-32600,"data":{"code":"BAD_REQUEST","httpStatus":400,"stack":"TRPCError: [\n  {\n    \"expected\": \"object\",\n    \"code\": \"invalid_type\",\n    \"path\": [],\n    \"message\": \"Invalid input: expected object, received undefined\"\n  }\n]\n    at inputValidatorMiddleware (/home/ubuntu/6666/node_modules/.pnpm/@trpc+server@11.6.0_typescript@5.9.3/node_modules/@trpc/server/src/unstable-core-do-not-import/middleware.ts:191:15)\n    at process.processTicksAndRejections (node:internal/process/task_queues:105:5)\n    at async callRecursive (/home/ubuntu/6666/node_modules/.pnpm/@trpc+server@11.6.0_typescript@5.9.3/node_modules/@trpc/server/src/unstable-core-do-not-import/procedureBuilder.ts:633:20)\n    at async procedure (/home/ubuntu/6666/node_modules/.pnpm/@trpc+server@11.6.0_typescript@5.9.3/node_modules/@trpc/server/src/unstable-core-do-not-import/procedureBuilder.ts:673:20)\n    at async <anonymous> (/home/ubuntu/6666/node_modules/.pnpm/@trpc+server@11.6.0_typescript@5.9.3/node_modules/@trpc/server/src/unstable-core-do-not-import/http/resolveResponse.ts:347:31)\n    at async resolveResponse (/home/ubuntu/6666/node_modules/.pnpm/@trpc+server@11.6.0_typescript@5.9.3/node_modules/@trpc/server/src/unstable-core-do-not-import/http/resolveResponse.ts:375:31)\n    at async <anonymous> (/home/ubuntu/6666/node_modules/.pnpm/@trpc+server@11.6.0_typescript@5.9.3/node_modules/@trpc/server/src/adapters/node-http/nodeHTTPRequestHandler.ts:100:26)","path":"projects.stats"}}}

23. ❌ [projects] create (POST)
   Status: FAIL | Time: 2ms
   Message: {"json":{"message":"[\n  {\n    \"expected\": \"object\",\n    \"code\": \"invalid_type\",\n    \"path\": [],\n    \"message\": \"Invalid input: expected object, received undefined\"\n  }\n]","code":-32600,"data":{"code":"BAD_REQUEST","httpStatus":400,"stack":"TRPCError: [\n  {\n    \"expected\": \"object\",\n    \"code\": \"invalid_type\",\n    \"path\": [],\n    \"message\": \"Invalid input: expected object, received undefined\"\n  }\n]\n    at inputValidatorMiddleware (/home/ubuntu/6666/node_modules/.pnpm/@trpc+server@11.6.0_typescript@5.9.3/node_modules/@trpc/server/src/unstable-core-do-not-import/middleware.ts:191:15)\n    at process.processTicksAndRejections (node:internal/process/task_queues:105:5)\n    at async callRecursive (/home/ubuntu/6666/node_modules/.pnpm/@trpc+server@11.6.0_typescript@5.9.3/node_modules/@trpc/server/src/unstable-core-do-not-import/procedureBuilder.ts:633:20)\n    at async procedure (/home/ubuntu/6666/node_modules/.pnpm/@trpc+server@11.6.0_typescript@5.9.3/node_modules/@trpc/server/src/unstable-core-do-not-import/procedureBuilder.ts:673:20)\n    at async <anonymous> (/home/ubuntu/6666/node_modules/.pnpm/@trpc+server@11.6.0_typescript@5.9.3/node_modules/@trpc/server/src/unstable-core-do-not-import/http/resolveResponse.ts:347:31)\n    at async resolveResponse (/home/ubuntu/6666/node_modules/.pnpm/@trpc+server@11.6.0_typescript@5.9.3/node_modules/@trpc/server/src/unstable-core-do-not-import/http/resolveResponse.ts:375:31)\n    at async <anonymous> (/home/ubuntu/6666/node_modules/.pnpm/@trpc+server@11.6.0_typescript@5.9.3/node_modules/@trpc/server/src/adapters/node-http/nodeHTTPRequestHandler.ts:100:26)","path":"projects.create"}}}

24. ❌ [scada] dashboard (GET)
   Status: FAIL | Time: 2ms
   Message: {"json":{"message":"[\n  {\n    \"expected\": \"object\",\n    \"code\": \"invalid_type\",\n    \"path\": [],\n    \"message\": \"Invalid input: expected object, received undefined\"\n  }\n]","code":-32600,"data":{"code":"BAD_REQUEST","httpStatus":400,"stack":"TRPCError: [\n  {\n    \"expected\": \"object\",\n    \"code\": \"invalid_type\",\n    \"path\": [],\n    \"message\": \"Invalid input: expected object, received undefined\"\n  }\n]\n    at inputValidatorMiddleware (/home/ubuntu/6666/node_modules/.pnpm/@trpc+server@11.6.0_typescript@5.9.3/node_modules/@trpc/server/src/unstable-core-do-not-import/middleware.ts:191:15)\n    at process.processTicksAndRejections (node:internal/process/task_queues:105:5)\n    at async callRecursive (/home/ubuntu/6666/node_modules/.pnpm/@trpc+server@11.6.0_typescript@5.9.3/node_modules/@trpc/server/src/unstable-core-do-not-import/procedureBuilder.ts:633:20)\n    at async procedure (/home/ubuntu/6666/node_modules/.pnpm/@trpc+server@11.6.0_typescript@5.9.3/node_modules/@trpc/server/src/unstable-core-do-not-import/procedureBuilder.ts:673:20)\n    at async <anonymous> (/home/ubuntu/6666/node_modules/.pnpm/@trpc+server@11.6.0_typescript@5.9.3/node_modules/@trpc/server/src/unstable-core-do-not-import/http/resolveResponse.ts:347:31)\n    at async resolveResponse (/home/ubuntu/6666/node_modules/.pnpm/@trpc+server@11.6.0_typescript@5.9.3/node_modules/@trpc/server/src/unstable-core-do-not-import/http/resolveResponse.ts:375:31)\n    at async <anonymous> (/home/ubuntu/6666/node_modules/.pnpm/@trpc+server@11.6.0_typescript@5.9.3/node_modules/@trpc/server/src/adapters/node-http/nodeHTTPRequestHandler.ts:100:26)","path":"scada.dashboard"}}}

25. ❌ [scada] stats (GET)
   Status: FAIL | Time: 2ms
   Message: {"json":{"message":"[\n  {\n    \"expected\": \"object\",\n    \"code\": \"invalid_type\",\n    \"path\": [],\n    \"message\": \"Invalid input: expected object, received undefined\"\n  }\n]","code":-32600,"data":{"code":"BAD_REQUEST","httpStatus":400,"stack":"TRPCError: [\n  {\n    \"expected\": \"object\",\n    \"code\": \"invalid_type\",\n    \"path\": [],\n    \"message\": \"Invalid input: expected object, received undefined\"\n  }\n]\n    at inputValidatorMiddleware (/home/ubuntu/6666/node_modules/.pnpm/@trpc+server@11.6.0_typescript@5.9.3/node_modules/@trpc/server/src/unstable-core-do-not-import/middleware.ts:191:15)\n    at process.processTicksAndRejections (node:internal/process/task_queues:105:5)\n    at async callRecursive (/home/ubuntu/6666/node_modules/.pnpm/@trpc+server@11.6.0_typescript@5.9.3/node_modules/@trpc/server/src/unstable-core-do-not-import/procedureBuilder.ts:633:20)\n    at async procedure (/home/ubuntu/6666/node_modules/.pnpm/@trpc+server@11.6.0_typescript@5.9.3/node_modules/@trpc/server/src/unstable-core-do-not-import/procedureBuilder.ts:673:20)\n    at async <anonymous> (/home/ubuntu/6666/node_modules/.pnpm/@trpc+server@11.6.0_typescript@5.9.3/node_modules/@trpc/server/src/unstable-core-do-not-import/http/resolveResponse.ts:347:31)\n    at async resolveResponse (/home/ubuntu/6666/node_modules/.pnpm/@trpc+server@11.6.0_typescript@5.9.3/node_modules/@trpc/server/src/unstable-core-do-not-import/http/resolveResponse.ts:375:31)\n    at async <anonymous> (/home/ubuntu/6666/node_modules/.pnpm/@trpc+server@11.6.0_typescript@5.9.3/node_modules/@trpc/server/src/adapters/node-http/nodeHTTPRequestHandler.ts:100:26)","path":"scada.stats"}}}

26. ❌ [scada] equipment.list (GET)
   Status: FAIL | Time: 2ms
   Message: {"json":{"message":"[\n  {\n    \"expected\": \"object\",\n    \"code\": \"invalid_type\",\n    \"path\": [],\n    \"message\": \"Invalid input: expected object, received undefined\"\n  }\n]","code":-32600,"data":{"code":"BAD_REQUEST","httpStatus":400,"stack":"TRPCError: [\n  {\n    \"expected\": \"object\",\n    \"code\": \"invalid_type\",\n    \"path\": [],\n    \"message\": \"Invalid input: expected object, received undefined\"\n  }\n]\n    at inputValidatorMiddleware (/home/ubuntu/6666/node_modules/.pnpm/@trpc+server@11.6.0_typescript@5.9.3/node_modules/@trpc/server/src/unstable-core-do-not-import/middleware.ts:191:15)\n    at process.processTicksAndRejections (node:internal/process/task_queues:105:5)\n    at async callRecursive (/home/ubuntu/6666/node_modules/.pnpm/@trpc+server@11.6.0_typescript@5.9.3/node_modules/@trpc/server/src/unstable-core-do-not-import/procedureBuilder.ts:633:20)\n    at async procedure (/home/ubuntu/6666/node_modules/.pnpm/@trpc+server@11.6.0_typescript@5.9.3/node_modules/@trpc/server/src/unstable-core-do-not-import/procedureBuilder.ts:673:20)\n    at async <anonymous> (/home/ubuntu/6666/node_modules/.pnpm/@trpc+server@11.6.0_typescript@5.9.3/node_modules/@trpc/server/src/unstable-core-do-not-import/http/resolveResponse.ts:347:31)\n    at async resolveResponse (/home/ubuntu/6666/node_modules/.pnpm/@trpc+server@11.6.0_typescript@5.9.3/node_modules/@trpc/server/src/unstable-core-do-not-import/http/resolveResponse.ts:375:31)\n    at async <anonymous> (/home/ubuntu/6666/node_modules/.pnpm/@trpc+server@11.6.0_typescript@5.9.3/node_modules/@trpc/server/src/adapters/node-http/nodeHTTPRequestHandler.ts:100:26)","path":"scada.equipment.list"}}}

27. ❌ [scada] sensors.list (GET)
   Status: FAIL | Time: 2ms
   Message: {"json":{"message":"[\n  {\n    \"expected\": \"object\",\n    \"code\": \"invalid_type\",\n    \"path\": [],\n    \"message\": \"Invalid input: expected object, received undefined\"\n  }\n]","code":-32600,"data":{"code":"BAD_REQUEST","httpStatus":400,"stack":"TRPCError: [\n  {\n    \"expected\": \"object\",\n    \"code\": \"invalid_type\",\n    \"path\": [],\n    \"message\": \"Invalid input: expected object, received undefined\"\n  }\n]\n    at inputValidatorMiddleware (/home/ubuntu/6666/node_modules/.pnpm/@trpc+server@11.6.0_typescript@5.9.3/node_modules/@trpc/server/src/unstable-core-do-not-import/middleware.ts:191:15)\n    at process.processTicksAndRejections (node:internal/process/task_queues:105:5)\n    at async callRecursive (/home/ubuntu/6666/node_modules/.pnpm/@trpc+server@11.6.0_typescript@5.9.3/node_modules/@trpc/server/src/unstable-core-do-not-import/procedureBuilder.ts:633:20)\n    at async procedure (/home/ubuntu/6666/node_modules/.pnpm/@trpc+server@11.6.0_typescript@5.9.3/node_modules/@trpc/server/src/unstable-core-do-not-import/procedureBuilder.ts:673:20)\n    at async <anonymous> (/home/ubuntu/6666/node_modules/.pnpm/@trpc+server@11.6.0_typescript@5.9.3/node_modules/@trpc/server/src/unstable-core-do-not-import/http/resolveResponse.ts:347:31)\n    at async resolveResponse (/home/ubuntu/6666/node_modules/.pnpm/@trpc+server@11.6.0_typescript@5.9.3/node_modules/@trpc/server/src/unstable-core-do-not-import/http/resolveResponse.ts:375:31)\n    at async <anonymous> (/home/ubuntu/6666/node_modules/.pnpm/@trpc+server@11.6.0_typescript@5.9.3/node_modules/@trpc/server/src/adapters/node-http/nodeHTTPRequestHandler.ts:100:26)","path":"scada.sensors.list"}}}

28. ❌ [scada] alerts.list (GET)
   Status: FAIL | Time: 2ms
   Message: {"json":{"message":"[\n  {\n    \"expected\": \"object\",\n    \"code\": \"invalid_type\",\n    \"path\": [],\n    \"message\": \"Invalid input: expected object, received undefined\"\n  }\n]","code":-32600,"data":{"code":"BAD_REQUEST","httpStatus":400,"stack":"TRPCError: [\n  {\n    \"expected\": \"object\",\n    \"code\": \"invalid_type\",\n    \"path\": [],\n    \"message\": \"Invalid input: expected object, received undefined\"\n  }\n]\n    at inputValidatorMiddleware (/home/ubuntu/6666/node_modules/.pnpm/@trpc+server@11.6.0_typescript@5.9.3/node_modules/@trpc/server/src/unstable-core-do-not-import/middleware.ts:191:15)\n    at process.processTicksAndRejections (node:internal/process/task_queues:105:5)\n    at async callRecursive (/home/ubuntu/6666/node_modules/.pnpm/@trpc+server@11.6.0_typescript@5.9.3/node_modules/@trpc/server/src/unstable-core-do-not-import/procedureBuilder.ts:633:20)\n    at async procedure (/home/ubuntu/6666/node_modules/.pnpm/@trpc+server@11.6.0_typescript@5.9.3/node_modules/@trpc/server/src/unstable-core-do-not-import/procedureBuilder.ts:673:20)\n    at async <anonymous> (/home/ubuntu/6666/node_modules/.pnpm/@trpc+server@11.6.0_typescript@5.9.3/node_modules/@trpc/server/src/unstable-core-do-not-import/http/resolveResponse.ts:347:31)\n    at async resolveResponse (/home/ubuntu/6666/node_modules/.pnpm/@trpc+server@11.6.0_typescript@5.9.3/node_modules/@trpc/server/src/unstable-core-do-not-import/http/resolveResponse.ts:375:31)\n    at async <anonymous> (/home/ubuntu/6666/node_modules/.pnpm/@trpc+server@11.6.0_typescript@5.9.3/node_modules/@trpc/server/src/adapters/node-http/nodeHTTPRequestHandler.ts:100:26)","path":"scada.alerts.list"}}}

29. ❌ [scada] alerts.stats (GET)
   Status: FAIL | Time: 2ms
   Message: {"json":{"message":"[\n  {\n    \"expected\": \"object\",\n    \"code\": \"invalid_type\",\n    \"path\": [],\n    \"message\": \"Invalid input: expected object, received undefined\"\n  }\n]","code":-32600,"data":{"code":"BAD_REQUEST","httpStatus":400,"stack":"TRPCError: [\n  {\n    \"expected\": \"object\",\n    \"code\": \"invalid_type\",\n    \"path\": [],\n    \"message\": \"Invalid input: expected object, received undefined\"\n  }\n]\n    at inputValidatorMiddleware (/home/ubuntu/6666/node_modules/.pnpm/@trpc+server@11.6.0_typescript@5.9.3/node_modules/@trpc/server/src/unstable-core-do-not-import/middleware.ts:191:15)\n    at process.processTicksAndRejections (node:internal/process/task_queues:105:5)\n    at async callRecursive (/home/ubuntu/6666/node_modules/.pnpm/@trpc+server@11.6.0_typescript@5.9.3/node_modules/@trpc/server/src/unstable-core-do-not-import/procedureBuilder.ts:633:20)\n    at async procedure (/home/ubuntu/6666/node_modules/.pnpm/@trpc+server@11.6.0_typescript@5.9.3/node_modules/@trpc/server/src/unstable-core-do-not-import/procedureBuilder.ts:673:20)\n    at async <anonymous> (/home/ubuntu/6666/node_modules/.pnpm/@trpc+server@11.6.0_typescript@5.9.3/node_modules/@trpc/server/src/unstable-core-do-not-import/http/resolveResponse.ts:347:31)\n    at async resolveResponse (/home/ubuntu/6666/node_modules/.pnpm/@trpc+server@11.6.0_typescript@5.9.3/node_modules/@trpc/server/src/unstable-core-do-not-import/http/resolveResponse.ts:375:31)\n    at async <anonymous> (/home/ubuntu/6666/node_modules/.pnpm/@trpc+server@11.6.0_typescript@5.9.3/node_modules/@trpc/server/src/adapters/node-http/nodeHTTPRequestHandler.ts:100:26)","path":"scada.alerts.stats"}}}

30. ❌ [scada] equipment.create (POST)
   Status: FAIL | Time: 2ms
   Message: {"json":{"message":"[\n  {\n    \"expected\": \"object\",\n    \"code\": \"invalid_type\",\n    \"path\": [],\n    \"message\": \"Invalid input: expected object, received undefined\"\n  }\n]","code":-32600,"data":{"code":"BAD_REQUEST","httpStatus":400,"stack":"TRPCError: [\n  {\n    \"expected\": \"object\",\n    \"code\": \"invalid_type\",\n    \"path\": [],\n    \"message\": \"Invalid input: expected object, received undefined\"\n  }\n]\n    at inputValidatorMiddleware (/home/ubuntu/6666/node_modules/.pnpm/@trpc+server@11.6.0_typescript@5.9.3/node_modules/@trpc/server/src/unstable-core-do-not-import/middleware.ts:191:15)\n    at process.processTicksAndRejections (node:internal/process/task_queues:105:5)\n    at async callRecursive (/home/ubuntu/6666/node_modules/.pnpm/@trpc+server@11.6.0_typescript@5.9.3/node_modules/@trpc/server/src/unstable-core-do-not-import/procedureBuilder.ts:633:20)\n    at async procedure (/home/ubuntu/6666/node_modules/.pnpm/@trpc+server@11.6.0_typescript@5.9.3/node_modules/@trpc/server/src/unstable-core-do-not-import/procedureBuilder.ts:673:20)\n    at async <anonymous> (/home/ubuntu/6666/node_modules/.pnpm/@trpc+server@11.6.0_typescript@5.9.3/node_modules/@trpc/server/src/unstable-core-do-not-import/http/resolveResponse.ts:347:31)\n    at async resolveResponse (/home/ubuntu/6666/node_modules/.pnpm/@trpc+server@11.6.0_typescript@5.9.3/node_modules/@trpc/server/src/unstable-core-do-not-import/http/resolveResponse.ts:375:31)\n    at async <anonymous> (/home/ubuntu/6666/node_modules/.pnpm/@trpc+server@11.6.0_typescript@5.9.3/node_modules/@trpc/server/src/adapters/node-http/nodeHTTPRequestHandler.ts:100:26)","path":"scada.equipment.create"}}}

31. ❌ [scada] sensors.create (POST)
   Status: FAIL | Time: 3ms
   Message: {"json":{"message":"[\n  {\n    \"expected\": \"object\",\n    \"code\": \"invalid_type\",\n    \"path\": [],\n    \"message\": \"Invalid input: expected object, received undefined\"\n  }\n]","code":-32600,"data":{"code":"BAD_REQUEST","httpStatus":400,"stack":"TRPCError: [\n  {\n    \"expected\": \"object\",\n    \"code\": \"invalid_type\",\n    \"path\": [],\n    \"message\": \"Invalid input: expected object, received undefined\"\n  }\n]\n    at inputValidatorMiddleware (/home/ubuntu/6666/node_modules/.pnpm/@trpc+server@11.6.0_typescript@5.9.3/node_modules/@trpc/server/src/unstable-core-do-not-import/middleware.ts:191:15)\n    at process.processTicksAndRejections (node:internal/process/task_queues:105:5)\n    at async callRecursive (/home/ubuntu/6666/node_modules/.pnpm/@trpc+server@11.6.0_typescript@5.9.3/node_modules/@trpc/server/src/unstable-core-do-not-import/procedureBuilder.ts:633:20)\n    at async procedure (/home/ubuntu/6666/node_modules/.pnpm/@trpc+server@11.6.0_typescript@5.9.3/node_modules/@trpc/server/src/unstable-core-do-not-import/procedureBuilder.ts:673:20)\n    at async <anonymous> (/home/ubuntu/6666/node_modules/.pnpm/@trpc+server@11.6.0_typescript@5.9.3/node_modules/@trpc/server/src/unstable-core-do-not-import/http/resolveResponse.ts:347:31)\n    at async resolveResponse (/home/ubuntu/6666/node_modules/.pnpm/@trpc+server@11.6.0_typescript@5.9.3/node_modules/@trpc/server/src/unstable-core-do-not-import/http/resolveResponse.ts:375:31)\n    at async <anonymous> (/home/ubuntu/6666/node_modules/.pnpm/@trpc+server@11.6.0_typescript@5.9.3/node_modules/@trpc/server/src/adapters/node-http/nodeHTTPRequestHandler.ts:100:26)","path":"scada.sensors.create"}}}

32. ❌ [scada] alerts.create (POST)
   Status: FAIL | Time: 2ms
   Message: {"json":{"message":"[\n  {\n    \"expected\": \"object\",\n    \"code\": \"invalid_type\",\n    \"path\": [],\n    \"message\": \"Invalid input: expected object, received undefined\"\n  }\n]","code":-32600,"data":{"code":"BAD_REQUEST","httpStatus":400,"stack":"TRPCError: [\n  {\n    \"expected\": \"object\",\n    \"code\": \"invalid_type\",\n    \"path\": [],\n    \"message\": \"Invalid input: expected object, received undefined\"\n  }\n]\n    at inputValidatorMiddleware (/home/ubuntu/6666/node_modules/.pnpm/@trpc+server@11.6.0_typescript@5.9.3/node_modules/@trpc/server/src/unstable-core-do-not-import/middleware.ts:191:15)\n    at process.processTicksAndRejections (node:internal/process/task_queues:105:5)\n    at async callRecursive (/home/ubuntu/6666/node_modules/.pnpm/@trpc+server@11.6.0_typescript@5.9.3/node_modules/@trpc/server/src/unstable-core-do-not-import/procedureBuilder.ts:633:20)\n    at async procedure (/home/ubuntu/6666/node_modules/.pnpm/@trpc+server@11.6.0_typescript@5.9.3/node_modules/@trpc/server/src/unstable-core-do-not-import/procedureBuilder.ts:673:20)\n    at async <anonymous> (/home/ubuntu/6666/node_modules/.pnpm/@trpc+server@11.6.0_typescript@5.9.3/node_modules/@trpc/server/src/unstable-core-do-not-import/http/resolveResponse.ts:347:31)\n    at async resolveResponse (/home/ubuntu/6666/node_modules/.pnpm/@trpc+server@11.6.0_typescript@5.9.3/node_modules/@trpc/server/src/unstable-core-do-not-import/http/resolveResponse.ts:375:31)\n    at async <anonymous> (/home/ubuntu/6666/node_modules/.pnpm/@trpc+server@11.6.0_typescript@5.9.3/node_modules/@trpc/server/src/adapters/node-http/nodeHTTPRequestHandler.ts:100:26)","path":"scada.alerts.create"}}}


✅ Test results saved to /home/ubuntu/6666/tests/test-results.json
